Archive member included to satisfy reference by file (symbol)

.\libkernel.a(core_support.o)
                              startup_RZ1AH.o (_kernel_undef_handler)
.\libkernel.a(chip_kernel_impl.o)
                              kernel_cfg.o (_kernel_initialize_interrupt)
.\libkernel.a(gic_kernel_impl.o)
                              .\libkernel.a(chip_kernel_impl.o) (_kernel_gicc_initialize)
.\libkernel.a(chip_timer.o)   kernel_cfg.o (_kernel_target_hrt_initialize)
.\libkernel.a(core_kernel_impl.o)
                              .\libkernel.a(chip_kernel_impl.o) (_kernel_core_initialize)
.\libkernel.a(arm.o)          .\libkernel.a(chip_kernel_impl.o) (arm_enable_dcache)
.\libkernel.a(startup.o)      startup_RZ1AH.o (sta_ker)
.\libkernel.a(task.o)         kernel_cfg.o (_kernel_initialize_task)
.\libkernel.a(taskhook.o)     .\libkernel.a(task.o) (_kernel_mtxhook_release_all)
.\libkernel.a(time_event.o)   .\libkernel.a(startup.o) (_kernel_initialize_tmevt)
.\libkernel.a(task_manage.o)  sample1.o (acre_tsk)
.\libkernel.a(task_sync.o)    sample1.o (slp_tsk)
.\libkernel.a(task_term.o)    sample1.o (ext_tsk)
.\libkernel.a(semaphore.o)    kernel_cfg.o (_kernel_initialize_semaphore)
.\libkernel.a(eventflag.o)    kernel_cfg.o (_kernel_initialize_eventflag)
.\libkernel.a(dataqueue.o)    kernel_cfg.o (_kernel_initialize_dataqueue)
.\libkernel.a(mempfix.o)      kernel_cfg.o (_kernel_initialize_mempfix)
.\libkernel.a(time_manage.o)  sample1.o (get_tim)
.\libkernel.a(cyclic.o)       kernel_cfg.o (_kernel_initialize_cyclic)
.\libkernel.a(alarm.o)        kernel_cfg.o (_kernel_initialize_alarm)
.\libkernel.a(sys_manage.o)   sample1.o (rot_rdq)
.\libkernel.a(interrupt.o)    kernel_cfg.o (_kernel_initialize_isr)
.\libkernel.a(exception.o)    sample1.o (xsns_dpn)
.\libkernel.a(gic_support.o)  .\libkernel.a(core_support.o) (_kernel_irc_begin_int)
.\libkernel.a(target_kernel_impl.o)
                              .\libkernel.a(startup.o) (_kernel_target_initialize)
.\libkernel.a(wait.o)         .\libkernel.a(task_sync.o) (_kernel_make_wait_tmout)
c:/program files (x86)/kpit/gnuarm-nonev16.01-eabi/arm-none-eabi/arm-none-eabi/bin/../lib/gcc/arm-none-eabi/5.2-GNUARM-NONE_v16.01/../../../../arm-none-eabi/lib/armv7-ar/thumb/fpu\libc.a(lib_a-exit.o)
                              error.o (exit)
c:/program files (x86)/kpit/gnuarm-nonev16.01-eabi/arm-none-eabi/arm-none-eabi/bin/../lib/gcc/arm-none-eabi/5.2-GNUARM-NONE_v16.01/../../../../arm-none-eabi/lib/armv7-ar/thumb/fpu\libc.a(lib_a-impure.o)
                              c:/program files (x86)/kpit/gnuarm-nonev16.01-eabi/arm-none-eabi/arm-none-eabi/bin/../lib/gcc/arm-none-eabi/5.2-GNUARM-NONE_v16.01/../../../../arm-none-eabi/lib/armv7-ar/thumb/fpu\libc.a(lib_a-exit.o) (_global_impure_ptr)
c:/program files (x86)/kpit/gnuarm-nonev16.01-eabi/arm-none-eabi/arm-none-eabi/bin/../lib/gcc/arm-none-eabi/5.2-GNUARM-NONE_v16.01/../../../../arm-none-eabi/lib/armv7-ar/thumb/fpu\libc.a(lib_a-lcltime.o)
                              rtc_api.o (localtime)
c:/program files (x86)/kpit/gnuarm-nonev16.01-eabi/arm-none-eabi/arm-none-eabi/bin/../lib/gcc/arm-none-eabi/5.2-GNUARM-NONE_v16.01/../../../../arm-none-eabi/lib/armv7-ar/thumb/fpu\libc.a(lib_a-lcltime_r.o)
                              c:/program files (x86)/kpit/gnuarm-nonev16.01-eabi/arm-none-eabi/arm-none-eabi/bin/../lib/gcc/arm-none-eabi/5.2-GNUARM-NONE_v16.01/../../../../arm-none-eabi/lib/armv7-ar/thumb/fpu\libc.a(lib_a-lcltime.o) (localtime_r)
c:/program files (x86)/kpit/gnuarm-nonev16.01-eabi/arm-none-eabi/arm-none-eabi/bin/../lib/gcc/arm-none-eabi/5.2-GNUARM-NONE_v16.01/../../../../arm-none-eabi/lib/armv7-ar/thumb/fpu\libc.a(lib_a-memcmp.o)
                              if_ether.o (memcmp)
c:/program files (x86)/kpit/gnuarm-nonev16.01-eabi/arm-none-eabi/arm-none-eabi/bin/../lib/gcc/arm-none-eabi/5.2-GNUARM-NONE_v16.01/../../../../arm-none-eabi/lib/armv7-ar/thumb/fpu\libc.a(lib_a-memcpy-stub.o)
                              can_api.o (memcpy)
c:/program files (x86)/kpit/gnuarm-nonev16.01-eabi/arm-none-eabi/arm-none-eabi/bin/../lib/gcc/arm-none-eabi/5.2-GNUARM-NONE_v16.01/../../../../arm-none-eabi/lib/armv7-ar/thumb/fpu\libc.a(lib_a-memmove.o)
                              ip_input.o (memmove)
c:/program files (x86)/kpit/gnuarm-nonev16.01-eabi/arm-none-eabi/arm-none-eabi/bin/../lib/gcc/arm-none-eabi/5.2-GNUARM-NONE_v16.01/../../../../arm-none-eabi/lib/armv7-ar/thumb/fpu\libc.a(lib_a-memset.o)
                              ethernet_api.o (memset)
c:/program files (x86)/kpit/gnuarm-nonev16.01-eabi/arm-none-eabi/arm-none-eabi/bin/../lib/gcc/arm-none-eabi/5.2-GNUARM-NONE_v16.01/../../../../arm-none-eabi/lib/armv7-ar/thumb/fpu\libc.a(lib_a-mktime.o)
                              rtc_api.o (mktime)
[...]
Memory Configuration

Name             Origin             Length             Attributes
ROM              0x00000000         0x02000000         xr
BOOT_LOADER      0x18000000         0x00004000         xr
SFLASH           0x18004000         0x07ffc000         xr
L_TTB            0x20000000         0x00004000         rw
RAM              0x20020000         0x00700000         xrw
RAM_NC           0x20900000         0x00100000         xrw
*default*        0x00000000         0xffffffff

Linker script and memory map

LOAD startup_RZ1AH.o
LOAD sample1n.o
LOAD sample1.o
LOAD log_output.o
LOAD vasyslog.o
LOAD t_perror.o
LOAD strerror.o
LOAD cache.o
LOAD init_tecs.o
LOAD tTask_tecsgen.o
LOAD tSemaphore_tecsgen.o
LOAD tInterruptRequest_tecsgen.o
LOAD tISR_tecsgen.o
LOAD tInitializeRoutine_tecsgen.o
LOAD tTerminateRoutine_tecsgen.o
LOAD tSerialPortMain_tecsgen.o
LOAD tSerialAdapter_tecsgen.o
LOAD tSysLog_tecsgen.o
LOAD tSysLogAdapter_tecsgen.o
LOAD tLogTaskMain_tecsgen.o
LOAD tBannerMain_tecsgen.o
LOAD tPutLogGRPeach_tecsgen.o
LOAD tSCIF_tecsgen.o
LOAD tSIOPortGRPeachMain_tecsgen.o
LOAD tTask.o
LOAD tISR.o
LOAD tInitializeRoutine.o
LOAD tTerminateRoutine.o
LOAD tSerialPortMain.o
LOAD tSerialAdapter.o
LOAD tSysLog.o
LOAD tSysLogAdapter.o
LOAD tLogTaskMain.o
LOAD tBannerMain.o
LOAD tPutLogGRPeach.o
LOAD tSCIF.o
LOAD assert.o
LOAD board.o
LOAD error.o
LOAD gpio.o
LOAD lp_ticker_api.o
LOAD mbed_interface.o
LOAD pinmap_common.o
LOAD rtc_time.o
LOAD semihost_api.o
LOAD ticker_api.o
LOAD us_ticker_api.o
LOAD wait_api.o
LOAD RZ_A1_Init.o
LOAD cmsis_nvic.o
LOAD gic.o
LOAD mbed_sf_boot.o
LOAD mmu_Renesas_RZ_A1.o
LOAD nvic_wrapper.o
LOAD pl310.o
LOAD rza_io_regrw.o
LOAD system_MBRZA1H.o
LOAD analogin_api.o
LOAD can_api.o
LOAD ethernet_api.o
LOAD gpio_api.o
LOAD gpio_irq_api.o
LOAD i2c_api.o
LOAD pinmap.o
LOAD port_api.o
LOAD pwmout_api.o
LOAD rtc_api.o
LOAD serial_api.o
LOAD spi_api.o
LOAD us_ticker.o
LOAD net_buf.o
LOAD net_count.o
LOAD net_subr.o
LOAD net_timer.o
LOAD in_subr.o
LOAD tinet_cfg.o
LOAD route_cfg.o
LOAD ip_input.o
LOAD ip_output.o
LOAD ip_icmp.o
LOAD tinet_target_config.o
LOAD if.o
LOAD ethernet.o
LOAD if_ether.o
LOAD if_mbed.o
LOAD tcp_input.o
LOAD tcp_output.o
LOAD tcp_timer.o
LOAD tcp_subr.o
LOAD tcp_subr_cs.o
LOAD tcp_subr_ncs.o
LOAD tcp_usrreq.o
LOAD kernel_cfg.o
LOAD .\libkernel.a
LOAD c:/program files (x86)/kpit/gnuarm-nonev16.01-eabi/arm-none-eabi/arm-none-eabi/bin/../lib/gcc/arm-none-eabi/5.2-GNUARM-NONE_v16.01/../../../../arm-none-eabi/lib/armv7-ar/thumb/fpu\libc.a
LOAD c:/program files (x86)/kpit/gnuarm-nonev16.01-eabi/arm-none-eabi/arm-none-eabi/bin/../lib/gcc/arm-none-eabi/5.2-GNUARM-NONE_v16.01/armv7-ar/thumb/fpu\libgcc.a
                [!provide]                PROVIDE (hardware_init_hook, 0x0)
                [!provide]                PROVIDE (software_init_hook, 0x0)
                0x00000000                PROVIDE (software_term_hook, 0x0)
                0x20020268                PROVIDE (IRQTable, _kernel_inh_table)
                0x200452a4                PROVIDE (IRQNestLevel, _kernel_excpt_nest_count)

.boot           0x18000000     0x3100
 *(.boot_loader)
 .boot_loader   0x18000000     0x3100 mbed_sf_boot.o
                0x18000000                boot_loader

.text           0x18004000    0x2de03
                0x18004000                Image$$VECTORS$$Base = .
 *(RESET)
                0x18004000                Image$$VECTORS$$Limit = .
                0x18004400                . = (. + 0x400)
 *fill*         0x18004000      0x400 
 *(.isr_vector)
 .isr_vector    0x18004400       0x40 startup_RZ1AH.o
                0x18004400                __isr_vector
 *(SVC_TABLE)
 *(.text*)
 .text          0x18004440      0x36c startup_RZ1AH.o
                0x18004440                Reset_Handler
                0x180045a0                Undef_Handler
                0x18004618                PAbt_Handler
                0x18004654                DAbt_Handler
                0x18004694                FIQ_Handler
                0x18004698                IRQ_Handler
                0x18004774                SVC_Handler
                0x18004776                __user_initial_stackheap
 .text          0x180047ac     0x1f88 sample1n.o
                0x18004868                callback_nblk_tcp
                0x180048f4                disconnecting
                0x18004994                flush_snd_buff
                0x180049f0                put_char
                0x18004b18                get_char_raw
                0x18004c20                get_char
                0x18004f8c                net_serial_rea_dat
                0x18005478                net_serial_ctl_por
                0x18005488                put_num
                0x18005618                net_syslog
 .text          0x18006734     0x1520 sample1.o
                0x18006734                task
                0x18006afc                alarm_handler
                0x18006bb8                intno1_isr
                0x18006c8c                cpuexc_handler
                0x18006e1c                cyclic_handler
                0x18006ed8                exc_task
                0x18006f28                main_task
 .text          0x18007c54      0x50c log_output.o
                0x18007ee0                syslog_printf
                0x180080e8                syslog_print
                0x18008128                syslog_lostmsg
 .text          0x18008160      0x1fc vasyslog.o
                0x18008160                syslog
 .text          0x1800835c       0x64 t_perror.o
                0x1800835c                t_perror
 .text          0x180083c0       0x24 strerror.o
                0x180083c0                itron_strerror
 .text          0x180083e4       0xb4 cache.o
                0x180083e4                __v7_all_cache
 .text          0x18008498       0x14 init_tecs.o
                0x18008498                initialize_tecs
 .text          0x180084ac        0x0 tTask_tecsgen.o
 .text          0x180084ac        0x0 tSemaphore_tecsgen.o
 .text          0x180084ac        0x0 tInterruptRequest_tecsgen.o
 .text          0x180084ac        0x0 tISR_tecsgen.o
 .text          0x180084ac        0x0 tInitializeRoutine_tecsgen.o
 .text          0x180084ac        0x0 tTerminateRoutine_tecsgen.o
 .text          0x180084ac       0x50 tSerialPortMain_tecsgen.o
                0x180084ac                tSerialPortMain_eSerialPort_open_skel
                0x180084b4                tSerialPortMain_eSerialPort_close_skel
                0x180084bc                tSerialPortMain_eSerialPort_read_skel
                0x180084c4                tSerialPortMain_eSerialPort_write_skel
                0x180084cc                tSerialPortMain_eSerialPort_control_skel
                0x180084d4                tSerialPortMain_eSerialPort_refer_skel
                0x180084dc                tSerialPortMain_CB_initialize
 .text          0x180084fc        0x0 tSerialAdapter_tecsgen.o
 .text          0x180084fc       0x3c tSysLog_tecsgen.o
                0x180084fc                tSysLog_CB_initialize
 .text          0x18008538        0x0 tSysLogAdapter_tecsgen.o
 .text          0x18008538        0x0 tLogTaskMain_tecsgen.o
 .text          0x18008538        0x0 tBannerMain_tecsgen.o
 .text          0x18008538        0x0 tPutLogGRPeach_tecsgen.o
 .text          0x18008538       0x30 tSCIF_tecsgen.o
                0x18008538                tSCIF_eiRxISR_main_skel
                0x18008540                tSCIF_eiTxISR_main_skel
                0x18008548                tSCIF_CB_initialize
 .text          0x18008568        0x0 tSIOPortGRPeachMain_tecsgen.o
 .text          0x18008568        0x4 tTask.o
                0x18008568                tTask_start
 .text          0x1800856c       0x10 tISR.o
                0x1800856c                tISR_start
 .text          0x1800857c        0x4 tInitializeRoutine.o
                0x1800857c                tInitializeRoutine_start
 .text          0x18008580        0x4 tTerminateRoutine.o
                0x18008580                tTerminateRoutine_start
 .text          0x18008584      0xbdc tSerialPortMain.o
                0x18008584                tSerialPortMain_eSerialPort_open
                0x18008670                tSerialPortMain_eSerialPort_close
                0x18008760                tSerialPortMain_eSerialPort_write
                0x180089e0                tSerialPortMain_eSerialPort_read
                0x18008d78                tSerialPortMain_eSerialPort_control
                0x18008dc8                tSerialPortMain_eSerialPort_refer
                0x18008e24                tSerialPortMain_eiSIOCBR_readySend
                0x18008ef4                tSerialPortMain_eiSIOCBR_readyReceive
                0x180090fc                tSerialPortMain_enSerialPortManage_getChar
 .text          0x18009160      0x258 tSerialAdapter.o
                0x18009160                serial_opn_por
                0x180091bc                serial_cls_por
                0x18009218                serial_rea_dat
                0x18009284                serial_wri_dat
                0x180092f0                serial_ctl_por
                0x18009354                serial_ref_por
 .text          0x180093b8      0x350 tSysLog.o
                0x180093bc                tSysLog_eSysLog_write
                0x180094e8                tSysLog_eSysLog_read
                0x18009584                tSysLog_eSysLog_mask
                0x180095b8                tSysLog_eSysLog_refer
                0x18009604                tSysLog_eSysLog_flush
 .text          0x18009708       0x14 tSysLogAdapter.o
                0x18009708                syslog_wri_log
                0x1800970c                syslog_rea_log
                0x18009710                syslog_msk_log
                0x18009714                syslog_ref_log
                0x18009718                syslog_fls_log
 .text          0x1800971c      0x268 tLogTaskMain.o
                0x18009748                tLogTaskMain_eLogTask_flush
                0x1800982c                tLogTaskMain_eLogTaskBody_main
                0x180098c8                tLogTaskMain_eLogTaskTerminate_main
 .text          0x18009984       0x5c tBannerMain.o
                0x18009984                tBannerMain_eBannerInitialize_main
 .text          0x180099e0       0x74 tPutLogGRPeach.o
                0x180099e0                tPutLogGRPeach_initialize
                0x18009a0c                tPutLogGRPeach_ePutLog_putChar
 .text          0x18009a54      0x34c tSCIF.o
                0x18009a54                tSCIF_eSIOPort_open
                0x18009bb0                tSCIF_eSIOPort_close
                0x18009bc4                tSCIF_eSIOPort_putChar
                0x18009bfc                tSCIF_eSIOPort_getChar
                0x18009cb8                tSCIF_eSIOPort_enableCBR
                0x18009ce4                tSCIF_eSIOPort_disableCBR
                0x18009d28                tSCIF_eiRxISR_main
                0x18009d80                tSCIF_eiTxISR_main
 .text          0x18009da0       0x18 assert.o
                0x18009da0                mbed_assert_internal
 .text          0x18009db8       0xd4 board.o
                0x18009db8                mbed_die
 .text          0x18009e8c       0x38 error.o
                0x18009e8c                error
 .text          0x18009ec4      0x1a8 gpio.o
                0x18009ec4                gpio_init_in
                0x18009ef8                gpio_init_in_ex
                0x18009f30                gpio_init_out
                0x18009f74                gpio_init_out_ex
                0x18009fc8                gpio_init_inout
 .text          0x1800a06c        0x0 lp_ticker_api.o
 .text          0x1800a06c       0x2c mbed_interface.o
                0x1800a06c                mbed_mac_address
 .text          0x1800a098      0x1c4 pinmap_common.o
                0x1800a098                pinmap_pinout
                0x1800a10c                pinmap_merge
                0x1800a144                pinmap_find_peripheral
                0x1800a180                pinmap_peripheral
                0x1800a1d0                pinmap_find_function
                0x1800a20c                pinmap_function
 .text          0x1800a25c       0xe4 rtc_time.o
                0x1800a25c                time
                0x1800a2c4                set_time
                0x1800a2fc                clock
                0x1800a318                attach_rtc
 .text          0x1800a340        0x0 semihost_api.o
 .text          0x1800a340      0x230 ticker_api.o
                0x1800a340                ticker_set_handler
                0x1800a364                ticker_irq_handler
                0x1800a400                ticker_insert_event
                0x1800a494                ticker_remove_event
                0x1800a53c                ticker_read
                0x1800a548                ticker_get_next_timestamp
 .text          0x1800a570       0x18 us_ticker_api.o
                0x1800a570                get_us_ticker_data
                0x1800a57c                us_ticker_irq_handler
 .text          0x1800a588       0x98 wait_api.o
                0x1800a588                wait
                0x1800a5c8                wait_ms
                0x1800a5fc                wait_us
 .text          0x1800a620       0x48 RZ_A1_Init.o
                0x1800a620                RZ_A1_SetSramWriteEnable
                0x1800a634                RZ_A1_InitClock
                0x1800a65c                RZ_A1_IsClockMode0
                0x1800a664                RZ_A1_InitBus
 .text          0x1800a668       0x14 cmsis_nvic.o
                0x1800a668                NVIC_SetVector
                0x1800a66c                NVIC_GetVector
 .text          0x1800a67c      0x5e4 gic.o
                0x1800a67c                GIC_EnableDistributor
                0x1800a694                GIC_DisableDistributor
                0x1800a6ac                GIC_DistributorInfo
                0x1800a6bc                GIC_DistributorImplementer
                0x1800a6cc                GIC_SetTarget
                0x1800a6e0                GIC_SetICDICFR
                0x1800a71c                GIC_GetTarget
                0x1800a730                GIC_EnableInterface
                0x1800a748                GIC_DisableInterface
                0x1800a760                GIC_AcknowledgePending
                0x1800a774                GIC_EndInterrupt
                0x1800a784                GIC_EnableIRQ
                0x1800a7a8                GIC_DisableIRQ
                0x1800a7cc                GIC_SetPendingIRQ
                0x1800a7f0                GIC_ClearPendingIRQ
                0x1800a814                GIC_SetLevelModel
                0x1800a850                GIC_SetPriority
                0x1800a864                GIC_GetPriority
                0x1800a874                GIC_InterfacePriorityMask
                0x1800a888                GIC_SetBinaryPoint
                0x1800a89c                GIC_GetBinaryPoint
                0x1800a8ac                GIC_GetIRQStatus
                0x1800a8e4                GIC_SendSGI
                0x1800a910                GIC_DistInit
                0x1800ab3c                GIC_CPUInterfaceInit
                0x1800abcc                GIC_Enable
 .text          0x1800ac60        0x0 mbed_sf_boot.o
 .text          0x1800ac60      0x77c mmu_Renesas_RZ_A1.o
                0x1800ac60                create_translation_table
 .text          0x1800b3dc      0x128 nvic_wrapper.o
                0x1800b3dc                NVIC_SetPriorityGrouping
                0x1800b3e0                NVIC_GetPriorityGrouping
                0x1800b3e8                NVIC_EnableIRQ
                0x1800b3ec                NVIC_DisableIRQ
                0x1800b3f0                NVIC_GetPendingIRQ
                0x1800b400                NVIC_SetPendingIRQ
                0x1800b404                NVIC_ClearPendingIRQ
                0x1800b408                NVIC_GetActive
                0x1800b418                NVIC_SetPriority
                0x1800b420                NVIC_GetPriority
                0x1800b430                NVIC_EncodePriority
                0x1800b468                NVIC_DecodePriority
                0x1800b4a4                NVIC_SystemReset
                0x1800b4e8                SysTick_Config
                0x1800b4f0                ITM_SendChar
                0x1800b4f4                ITM_ReceiveChar
                0x1800b4fc                ITM_CheckChar
 .text          0x1800b504      0x140 pl310.o
                0x1800b504                PL310_Sync
                0x1800b518                PL310_GetID
                0x1800b528                PL310_GetType
                0x1800b538                PL310_InvAllByWay
                0x1800b574                PL310_CleanInvAllByWay
                0x1800b5b0                PL310_Enable
                0x1800b5e4                PL310_Disable
                0x1800b5fc                PL310_InvPa
                0x1800b614                PL310_CleanPa
                0x1800b62c                PL310_CleanInvPa
 .text          0x1800b644       0x7c rza_io_regrw.o
                0x1800b644                RZA_IO_RegWrite_8
                0x1800b65c                RZA_IO_RegWrite_16
                0x1800b674                RZA_IO_RegWrite_32
                0x1800b688                RZA_IO_RegRead_8
                0x1800b69c                RZA_IO_RegRead_16
                0x1800b6b0                RZA_IO_RegRead_32
 .text          0x1800b6c0      0x2b0 system_MBRZA1H.o
                0x1800b6c0                InitMemorySubsystem
                0x1800b740                InterruptHandlerRegister
                0x1800b76c                InterruptHandlerUnregister
                0x1800b79c                SystemInit
                0x1800b7c4                CDAbtHandler
                0x1800b7f0                CPAbtHandler
                0x1800b81c                FPUEnable
                0x1800b8d0                CUndefHandler
 .text          0x1800b970      0x1d8 analogin_api.o
                0x1800b970                analogin_init
                0x1800b9fc                analogin_read_u16
                0x1800ba9c                analogin_read
 .text          0x1800bb48     0x1b08 can_api.o
                0x1800c3c8                can_irq_init
                0x1800c3e0                can_irq_free
                0x1800c3f8                can_irq_set
                0x1800c50c                can_init
                0x1800c758                can_free
                0x1800c770                can_frequency
                0x1800c8f8                can_reset
                0x1800ca50                can_write
                0x1800cbbc                can_read
                0x1800ccd0                can_rderror
                0x1800ccf0                can_tderror
                0x1800cd10                can_mode
                0x1800d2cc                can_filter
                0x1800d4b8                can_monitor
 .text          0x1800d650     0x17d0 ethernet_api.o
                0x1800e198                ethernetext_init
                0x1800e78c                ethernetext_start_stop
                0x1800e7e8                ethernetext_chk_link_mode
                0x1800e870                ethernetext_set_link_mode
                0x1800e8f0                ethernet_free
                0x1800e91c                ethernet_write
                0x1800e9b4                ethernet_send
                0x1800ea60                ethernet_receive
                0x1800eb78                ethernet_read
                0x1800ebe8                ethernet_address
                0x1800ebf4                ethernet_link
                0x1800ec08                ethernet_set_link
                0x1800ed7c                ethernet_init
                0x1800edb4                INT_Ether
 .text          0x1800ee20       0xf8 gpio_api.o
                0x1800ee20                gpio_set
                0x1800ee40                gpio_init
                0x1800eeb0                gpio_mode
                0x1800eeb4                gpio_dir
 .text          0x1800ef18      0x7f0 gpio_irq_api.o
                0x1800f4d8                gpio_irq_init
                0x1800f5c8                gpio_irq_free
                0x1800f5e0                gpio_irq_set
                0x1800f6a0                gpio_irq_enable
                0x1800f6e4                gpio_irq_disable
 .text          0x1800f708     0x1368 i2c_api.o
                0x1800f708                i2c_start
                0x1800f750                i2c_stop
                0x1800f7d8                i2c_frequency
                0x1800fb18                i2c_init
                0x1800fc54                i2c_read
                0x1801026c                i2c_write
                0x180105f4                i2c_reset
                0x18010670                i2c_byte_read
                0x18010730                i2c_byte_write
                0x180107ec                i2c_slave_mode
                0x18010814                i2c_slave_receive
                0x18010858                i2c_slave_read
                0x18010964                i2c_slave_write
                0x18010a54                i2c_slave_address
 .text          0x18010a70      0x1e4 pinmap.o
                0x18010a70                pin_function
                0x18010c50                pin_mode
 .text          0x18010c54      0x158 port_api.o
                0x18010c54                port_pin
                0x18010c5c                port_init
                0x18010ce8                port_mode
                0x18010d30                port_dir
                0x18010d74                port_write
                0x18010d98                port_read
 *fill*         0x18010dac        0x4 
 .text          0x18010db0      0xfe4 pwmout_api.o
                0x18010db0                pwmout_free
                0x18010e7c                pwmout_write
                0x18010f88                pwmout_read
                0x18011038                pwmout_period_us
                0x18011640                pwmout_init
                0x180119d8                pwmout_period
                0x180119f0                pwmout_period_ms
                0x18011a04                pwmout_pulsewidth
                0x18011b30                pwmout_pulsewidth_ms
                0x18011c64                pwmout_pulsewidth_us
 .text          0x18011d94      0x6bc rtc_api.o
                0x18011d94                rtc_init
                0x18011e68                rtc_free
                0x18011f34                rtc_isenabled
                0x18011f48                rtc_read
                0x180121ac                rtc_write
 .text          0x18012450      0xdb8 serial_api.o
                0x18012810                serial_init
                0x18012b9c                serial_free
                0x18012bbc                serial_baud
                0x18012da4                serial_format
                0x18012e80                serial_irq_handler
                0x18012ea0                serial_irq_set
                0x18012f24                serial_getc
                0x18012fc8                serial_putc
                0x18013054                serial_readable
                0x18013064                serial_writable
                0x18013074                serial_clear
                0x180130c4                serial_pinout_tx
                0x180130d0                serial_break_set
                0x18013110                serial_break_clear
                0x18013148                serial_set_flow_control
 .text          0x18013208      0x4a0 spi_api.o
                0x18013208                spi_init
                0x180133f8                spi_free
                0x180133fc                spi_format
                0x180134c8                spi_frequency
                0x180135bc                spi_master_write
                0x18013628                spi_slave_receive
                0x18013638                spi_slave_read
                0x1801366c                spi_slave_write
                0x180136a0                spi_busy
 .text          0x180136a8      0x350 us_ticker.o
                0x180136a8                us_ticker_interrupt
                0x180136ac                us_ticker_init
                0x18013748                us_ticker_read
                0x18013860                us_ticker_set_interrupt
                0x180139e8                us_ticker_disable_interrupt
                0x180139f0                us_ticker_clear_interrupt
 .text          0x180139f8      0x54c net_buf.o
                0x180139f8                _tinet_nbuf_get_tbl
                0x18013a04                _tinet_nbuf_get_tbl_size
                0x18013a0c                _tinet_tget_net_buf_ex
                0x18013df4                _tinet_tget_net_buf
                0x18013e1c                _tinet_rel_net_buf
                0x18013e98                _tinet_rus_net_buf
                0x18013ef0                _tinet_net_buf_siz
                0x18013f34                _tinet_net_buf_max_siz
 .text          0x18013f44        0x0 net_count.o
 .text          0x18013f44      0x71c net_subr.o
                0x18013f44                _tinet_net_rand
                0x18013f6c                _tinet_net_srand
                0x18013f84                _tinet_convert_hexdigit
                0x18014334                mac2str
                0x180145fc                _tinet_rev_memcpy_word
                0x18014620                _tinet_rev_memcmp_word
 .text          0x18014660      0x480 net_timer.o
                0x18014660                _tinet_timeout
                0x18014788                _tinet_untimeout
                0x18014808                net_timer_task
                0x180148bc                net_timer_handler
 .text          0x18014ae0      0xbac in_subr.o
                0x18014b64                in4_get_ifaddr
                0x18014b74                ip2str
                0x18014c68                _tinet_in4_set_header
                0x18014d04                _tinet_in4_get_datagram
                0x18014e30                _tinet_in4_cksum
                0x18014f1c                _tinet_in_cksum
                0x18014f8c                _tinet_in4_is_dstaddr_accept
                0x18014fd4                _tinet_in4_ifawithifp
                0x18014fdc                in4_add_ifaddr
                0x18015000                in4_add_route
                0x18015038                _tinet_in4_rtalloc
                0x18015118                _tinet_in4_rtredirect
                0x18015200                _tinet_in4_init
                0x1801523c                _tinet_in_rtinit
                0x18015260                _tinet_in_rtnewentry
                0x18015334                _tinet_in_rttimer
                0x180153a0                _tinet_in_cksum_sum
                0x180153dc                _tinet_in_cksum_carry
                0x180153f8                in_strtfn
 .text          0x1801568c        0x0 tinet_cfg.o
 .text          0x1801568c        0x0 route_cfg.o
 .text          0x1801568c      0x7cc ip_input.o
                0x1801568c                _tinet_ip_get_frag_queue
                0x18015698                _tinet_ip_frag_timer
                0x18015730                _tinet_ip_init
                0x18015734                _tinet_ip_remove_options
                0x18015780                _tinet_ip_input
 .text          0x18015e58      0x350 ip_output.o
                0x18015e58                _tinet_ip_output
 .text          0x180161a8      0x460 ip_icmp.o
                0x180161a8                _tinet_icmp_input
                0x18016494                _tinet_icmp_error
 .text          0x18016608        0x8 tinet_target_config.o
                0x18016608                mbed_bus_init
                0x1801660c                mbed_inter_init
 .text          0x18016610       0x5c if.o
                0x18016658                _tinet_ifinit
 .text          0x1801666c      0x38c ethernet.o
                0x1801666c                _tinet_ether_get_ifnet
                0x18016678                ether_set_link_up
                0x1801669c                ether_set_link_down
                0x180166c0                ether_set_link_callback
                0x180166d0                _tinet_ether_raw_output
                0x18016730                _tinet_ether_output
                0x18016850                _tinet_ether_output_task
                0x180168fc                _tinet_ether_input_task
 .text          0x180169f8      0xc4c if_ether.o
                0x18016a94                _tinet_arp_request
                0x18016bc0                _tinet_arp_get_cache
                0x18016bcc                _tinet_arp_input
                0x180171a8                _tinet_arp_resolve
                0x180175f8                _tinet_arp_init
                0x18017610                _tinet_ether_map_ipv4_multicast
 .text          0x18017644      0x2c4 if_mbed.o
                0x18017654                if_mbed_reset
                0x180176ac                if_mbed_get_softc
                0x180176b8                if_mbed_watchdog
                0x18017710                if_mbed_probe
                0x18017714                if_mbed_init
                0x1801776c                if_mbed_phy_task
                0x18017804                if_mbed_read
                0x18017898                if_mbed_start
                0x180178d4                if_mbed_eth_handler
 .text          0x18017908     0x1bb8 tcp_input.o
                0x18017d28                _tinet_tcp_move_twcep
                0x18017e18                _tinet_tcp_input
 .text          0x180194c0      0xa54 tcp_output.o
                0x180198c0                tcp_output_task
 .text          0x18019f14      0x694 tcp_timer.o
                0x18019f14                _tinet_tcp_fast_timo
                0x18019f8c                _tinet_tcp_slow_timo
                0x1801a51c                _tinet_tcp_cancel_timers
                0x1801a52c                _tinet_tcp_range_set
                0x1801a554                _tinet_tcp_set_persist_timer
 .text          0x1801a5a8     0x1558 tcp_subr.o
                0x1801a5a8                _tinet_tcp_free_reassq
                0x1801a600                _tinet_tcp_alloc_auto_port
                0x1801a6fc                _tinet_tcp_alloc_port
                0x1801a780                _tinet_tcp_init
                0x1801a7b0                _tinet_tcp_init_iss
                0x1801a808                _tinet_tcp_close
                0x1801abc0                _tinet_tcp_drop
                0x1801ac00                _tinet_tcp_respond
                0x1801ae0c                _tinet_tcp_set_header
                0x1801ae58                _tinet_tcp_get_segment
                0x1801af40                _tinet_tcp_can_send_more
                0x1801b040                _tinet_tcp_can_recv_more
                0x1801b174                _tinet_tcp_wait_rwbuf
                0x1801b240                _tinet_tcp_move_ra2rw
                0x1801b2f0                _tinet_tcp_write_raque
                0x1801b740                _tinet_tcp_rexmt_val
                0x1801b760                _tinet_tcp_init_cep
                0x1801b7f0                _tinet_tcp_find_cep
                0x1801b8e8                _tinet_tcp_notify
                0x1801b98c                _tinet_tcp_lock_cep
 .text          0x1801bb00        0x0 tcp_subr_cs.o
 .text          0x1801bb00      0xadc tcp_subr_ncs.o
                0x1801bb00                _tinet_tcp_read_swbuf_ncs
                0x1801bc38                _tinet_tcp_drop_swbuf_ncs
                0x1801be94                _tinet_tcp_write_swbuf_ncs
                0x1801bf44                _tinet_tcp_wait_swbuf_ncs
                0x1801bfd0                _tinet_tcp_get_swbuf_addr_ncs
                0x1801c020                _tinet_tcp_send_swbuf_ncs
                0x1801c08c                _tinet_tcp_is_swbuf_full_ncs
                0x1801c0a4                _tinet_tcp_drop_rwbuf_ncs
                0x1801c0d8                _tinet_tcp_read_rwbuf_ncs
                0x1801c184                _tinet_tcp_get_rwbuf_addr_ncs
                0x1801c1d0                _tinet_tcp_write_rwbuf_ncs
 .text          0x1801c5dc     0x135c tcp_usrreq.o
                0x1801c6ec                tcp_acp_cep
                0x1801c860                tcp_con_cep
                0x1801caa4                _tinet_tcp_user_closed
                0x1801cb30                tcp_cls_cep
                0x1801ce10                tcp_sht_cep
                0x1801ceb0                tcp_snd_dat
                0x1801d034                tcp_get_buf
                0x1801d150                tcp_snd_buf
                0x1801d20c                tcp_rcv_dat
                0x1801d35c                tcp_rcv_buf
                0x1801d484                tcp_rel_buf
                0x1801d52c                tcp_can_cep
 .text          0x1801d938       0x80 kernel_cfg.o
                0x1801d938                _kernel_inthdr_37
                0x1801d944                _kernel_inthdr_231
                0x1801d950                _kernel_inthdr_232
                0x1801d95c                _kernel_initialize_object
                0x1801d988                _kernel_call_inirtn
                0x1801d9a0                _kernel_call_terrtn
 *fill*         0x1801d9b8       0x48 
 .text          0x1801da00      0x450 .\libkernel.a(core_support.o)
                0x1801da00                _kernel_dispatch
                0x1801da2c                _kernel_start_dispatch
                0x1801da54                _kernel_exit_and_dispatch
                0x1801da80                _kernel_call_exit_kernel
                0x1801da90                _kernel_start_r
                0x1801daa8                _kernel_irq_handler
                0x1801db7c                _kernel_undef_handler
                0x1801db90                _kernel_svc_handler
                0x1801dba4                _kernel_pabort_handler
                0x1801dbb8                _kernel_dabort_handler
                0x1801dc18                _kernel_fiq_handler
                0x1801de00                sil_dly_nse
 .text          0x1801de50      0x2ec .\libkernel.a(chip_kernel_impl.o)
                0x1801de50                _kernel_chip_initialize
                0x1801de90                _kernel_chip_terminate
                0x1801decc                _kernel_initialize_interrupt
 .text          0x1801e13c      0x20c .\libkernel.a(gic_kernel_impl.o)
                0x1801e13c                _kernel_gicc_initialize
                0x1801e16c                _kernel_gicc_terminate
                0x1801e180                _kernel_gicd_initialize
                0x1801e334                _kernel_gicd_terminate
 .text          0x1801e348       0xd8 .\libkernel.a(chip_timer.o)
                0x1801e348                _kernel_target_hrt_initialize
                0x1801e388                _kernel_target_hrt_terminate
                0x1801e3ac                _kernel_target_hrt_set_event
                0x1801e3f8                _kernel_target_hrt_raise_event
                0x1801e40c                _kernel_target_hrt_handler
 .text          0x1801e420      0x5e0 .\libkernel.a(core_kernel_impl.o)
                0x1801e420                _kernel_arm_mmu_initialize
                0x1801e670                _kernel_core_initialize
                0x1801e684                _kernel_core_terminate
                0x1801e688                _kernel_xlog_sys
                0x1801e744                _kernel_xlog_fsr
                0x1801e7c8                _kernel_default_int_handler
                0x1801e7fc                _kernel_default_exc_handler
 .text          0x1801ea00      0x208 .\libkernel.a(arm.o)
                0x1801ea00                arm_enable_dcache
                0x1801ea68                arm_disable_dcache
                0x1801eb24                arm_enable_icache
                0x1801eb40                arm_disable_icache
                0x1801eb58                armv7_invalidate_dcache
                0x1801ebb0                armv7_clean_and_invalidate_dcache
 .text          0x1801ec08      0x134 .\libkernel.a(startup.o)
                0x1801ec08                sta_ker
                0x1801ecb0                ext_ker
                0x1801ecd0                _kernel_exit_kernel
                0x1801ecdc                _kernel_initialize_kmm
                0x1801ed08                _kernel_kernel_malloc
                0x1801ed38                _kernel_kernel_free
 .text          0x1801ed3c      0xa40 .\libkernel.a(task.o)
                0x1801ed3c                _kernel_initialize_task
                0x1801f058                _kernel_search_schedtsk
                0x1801f07c                _kernel_make_runnable
                0x1801f0f8                _kernel_make_non_runnable
                0x1801f288                _kernel_make_dormant
                0x1801f2b8                _kernel_make_active
                0x1801f360                _kernel_change_priority
                0x1801f570                _kernel_rotate_ready_queue
                0x1801f630                _kernel_task_terminate
 .text          0x1801f77c        0x0 .\libkernel.a(taskhook.o)
 .text          0x1801f77c      0xe20 .\libkernel.a(time_event.o)
                0x1801f77c                _kernel_initialize_tmevt
                0x1801f7e0                _kernel_tmevt_up
                0x1801f87c                _kernel_tmevt_down
                0x1801f92c                _kernel_update_current_evttim
                0x1801fa10                _kernel_set_hrt_event
                0x1801fa80                _kernel_tmevtb_register
                0x1801fb30                _kernel_tmevtb_enqueue
                0x1801fd38                _kernel_tmevtb_dequeue
                0x18020048                _kernel_check_adjtim
                0x180200e8                _kernel_tmevt_lefttim
                0x180201f0                _kernel_signal_time
 .text          0x1802059c      0x80c .\libkernel.a(task_manage.o)
                0x1802059c                acre_tsk
                0x18020798                del_tsk
                0x18020888                act_tsk
                0x180209ac                can_act
                0x18020a4c                get_tst
                0x18020b38                chg_pri
                0x18020cac                get_pri
                0x18020d58                get_inf
 .text          0x18020da8      0x824 .\libkernel.a(task_sync.o)
                0x18020da8                slp_tsk
                0x18020e68                tslp_tsk
                0x18020f50                wup_tsk
                0x1802107c                can_wup
                0x1802112c                rel_wai
                0x180212b0                sus_tsk
                0x180213f8                rsm_tsk
                0x180214ec                dly_tsk
 .text          0x180215cc      0x3d8 .\libkernel.a(task_term.o)
                0x180215cc                ext_tsk
                0x18021684                ras_ter
                0x180217d4                dis_ter
                0x18021820                ena_ter
                0x1802189c                sns_ter
                0x180218c0                ter_tsk
 .text          0x180219a4      0x918 .\libkernel.a(semaphore.o)
                0x180219a4                _kernel_initialize_semaphore
                0x18021a98                acre_sem
                0x18021bc8                del_sem
                0x18021ccc                sig_sem
                0x18021e18                wai_sem
                0x18021f1c                pol_sem
                0x18021fb0                twai_sem
                0x180220e4                ini_sem
                0x180221ac                ref_sem
 .text          0x180222bc      0xc78 .\libkernel.a(eventflag.o)
                0x180222bc                _kernel_initialize_eventflag
                0x180223a4                _kernel_check_flg_cond
                0x180223fc                acre_flg
                0x18022500                del_flg
                0x18022604                set_flg
                0x18022760                clr_flg
                0x180227e8                wai_flg
                0x180229c8                pol_flg
                0x18022b44                twai_flg
                0x18022d5c                ini_flg
                0x18022e24                ref_flg
 .text          0x18022f34     0x148c .\libkernel.a(dataqueue.o)
                0x18022f34                _kernel_initialize_dataqueue
                0x1802303c                _kernel_enqueue_data
                0x18023074                _kernel_force_enqueue_data
                0x180230b8                _kernel_dequeue_data
                0x180230f8                _kernel_send_data
                0x180231d8                _kernel_force_send_data
                0x180232ac                _kernel_receive_data
                0x18023420                acre_dtq
                0x180235b8                del_dtq
                0x180236dc                snd_dtq
                0x180237fc                psnd_dtq
                0x18023978                tsnd_dtq
                0x18023ad0                fsnd_dtq
                0x18023c60                rcv_dtq
                0x18023db8                prcv_dtq
                0x18023fdc                trcv_dtq
                0x18024164                ini_dtq
                0x18024238                ref_dtq
 .text          0x180243c0      0xcb8 .\libkernel.a(mempfix.o)
                0x180243c0                _kernel_initialize_mempfix
                0x180244b8                _kernel_get_mpf_block
                0x1802451c                acre_mpf
                0x18024738                del_mpf
                0x18024878                get_mpf
                0x180249e8                pget_mpf
                0x18024aec                tget_mpf
                0x18024ca4                rel_mpf
                0x18024e80                ini_mpf
                0x18024f5c                ref_mpf
 .text          0x18025078      0x574 .\libkernel.a(time_manage.o)
                0x18025078                set_tim
                0x180250e8                get_tim
                0x18025158                adj_tim
                0x18025230                fch_hrt
                0x180252a0                _kernel_check_nfyinfo
                0x18025480                _kernel_notify_handler
 .text          0x180255ec      0x6b8 .\libkernel.a(cyclic.o)
                0x180255ec                _kernel_call_cyclic
                0x18025630                _kernel_initialize_cyclic
                0x18025764                acre_cyc
                0x18025950                del_cyc
                0x18025a48                sta_cyc
                0x18025b18                stp_cyc
                0x18025bd4                ref_cyc
 .text          0x18025ca4      0x60c .\libkernel.a(alarm.o)
                0x18025ca4                _kernel_call_alarm
                0x18025cd4                _kernel_initialize_alarm
                0x18025ddc                acre_alm
                0x18025f7c                del_alm
                0x18026074                sta_alm
                0x18026140                stp_alm
                0x180261e0                ref_alm
 .text          0x180262b0      0x428 .\libkernel.a(sys_manage.o)
                0x180262b0                rot_rdq
                0x18026368                get_tid
                0x180263b4                get_lod
                0x1802644c                get_nth
                0x18026508                loc_cpu
                0x18026520                unl_cpu
                0x18026538                dis_dsp
                0x18026584                ena_dsp
                0x18026644                sns_ctx
                0x1802665c                sns_loc
                0x18026668                sns_dsp
                0x18026680                sns_dpn
                0x180266c0                sns_ker
 .text          0x180266d8      0x7d4 .\libkernel.a(interrupt.o)
                0x180266d8                _kernel_initialize_isr
                0x18026858                _kernel_call_isr
                0x180268b4                acre_isr
                0x18026b10                del_isr
                0x18026bf8                dis_int
                0x18026cb4                ena_int
                0x18026d70                chg_ipm
                0x18026e5c                get_ipm
 .text          0x18026eac       0x6c .\libkernel.a(exception.o)
                0x18026eac                xsns_dpn
 .text          0x18026f18       0x8c .\libkernel.a(gic_support.o)
                0x18026f18                _kernel_irc_begin_int
                0x18026f50                _kernel_irc_end_int
                0x18026f60                _kernel_irc_get_intpri
                0x18026f74                _kernel_irc_begin_exc
                0x18026f84                _kernel_irc_end_exc
 .text          0x18026fa4      0x350 .\libkernel.a(target_kernel_impl.o)
                0x18026fa4                _kernel_target_initialize
                0x180272ac                _kernel_target_exit
                0x180272bc                gr_peach_set_led
 .text          0x180272f4      0x5c8 .\libkernel.a(wait.o)
                0x180272f4                _kernel_wait_tmout
                0x180273b8                _kernel_make_wait_tmout
                0x1802746c                _kernel_wait_complete
                0x1802751c                _kernel_wait_tmout_ok
                0x180275c8                _kernel_wobj_make_wait
                0x18027678                _kernel_wobj_make_wait_tmout
                0x180277b4                _kernel_init_wait_queue
 .text          0x180278bc       0x20 c:/program files (x86)/kpit/gnuarm-nonev16.01-eabi/arm-none-eabi/arm-none-eabi/bin/../lib/gcc/arm-none-eabi/5.2-GNUARM-NONE_v16.01/../../../../arm-none-eabi/lib/armv7-ar/thumb/fpu\libc.a(lib_a-exit.o)
                0x180278bc                exit
 .text          0x180278dc        0x0 c:/program files (x86)/kpit/gnuarm-nonev16.01-eabi/arm-none-eabi/arm-none-eabi/bin/../lib/gcc/arm-none-eabi/5.2-GNUARM-NONE_v16.01/../../../../arm-none-eabi/lib/armv7-ar/thumb/fpu\libc.a(lib_a-impure.o)
 .text          0x180278dc       0x10 c:/program files (x86)/kpit/gnuarm-nonev16.01-eabi/arm-none-eabi/arm-none-eabi/bin/../lib/gcc/arm-none-eabi/5.2-GNUARM-NONE_v16.01/../../../../arm-none-eabi/lib/armv7-ar/thumb/fpu\libc.a(lib_a-lcltime.o)
                0x180278dc                localtime
 .text          0x180278ec      0x1d4 c:/program files (x86)/kpit/gnuarm-nonev16.01-eabi/arm-none-eabi/arm-none-eabi/bin/../lib/gcc/arm-none-eabi/5.2-GNUARM-NONE_v16.01/../../../../arm-none-eabi/lib/armv7-ar/thumb/fpu\libc.a(lib_a-lcltime_r.o)
                0x180278ec                localtime_r
 .text          0x18027ac0       0x1e c:/program files (x86)/kpit/gnuarm-nonev16.01-eabi/arm-none-eabi/arm-none-eabi/bin/../lib/gcc/arm-none-eabi/5.2-GNUARM-NONE_v16.01/../../../../arm-none-eabi/lib/armv7-ar/thumb/fpu\libc.a(lib_a-memcmp.o)
                0x18027ac0                memcmp
 .text          0x18027ade       0x16 c:/program files (x86)/kpit/gnuarm-nonev16.01-eabi/arm-none-eabi/arm-none-eabi/bin/../lib/gcc/arm-none-eabi/5.2-GNUARM-NONE_v16.01/../../../../arm-none-eabi/lib/armv7-ar/thumb/fpu\libc.a(lib_a-memcpy-stub.o)
                0x18027ade                memcpy
 .text          0x18027af4       0x36 c:/program files (x86)/kpit/gnuarm-nonev16.01-eabi/arm-none-eabi/arm-none-eabi/bin/../lib/gcc/arm-none-eabi/5.2-GNUARM-NONE_v16.01/../../../../arm-none-eabi/lib/armv7-ar/thumb/fpu\libc.a(lib_a-memmove.o)
                0x18027af4                memmove
 .text          0x18027b2a       0x10 c:/program files (x86)/kpit/gnuarm-nonev16.01-eabi/arm-none-eabi/arm-none-eabi/bin/../lib/gcc/arm-none-eabi/5.2-GNUARM-NONE_v16.01/../../../../arm-none-eabi/lib/armv7-ar/thumb/fpu\libc.a(lib_a-memset.o)
                0x18027b2a                memset
 *fill*         0x18027b3a        0x2 
 .text          0x18027b3c      0x45c c:/program files (x86)/kpit/gnuarm-nonev16.01-eabi/arm-none-eabi/arm-none-eabi/bin/../lib/gcc/arm-none-eabi/5.2-GNUARM-NONE_v16.01/../../../../arm-none-eabi/lib/armv7-ar/thumb/fpu\libc.a(lib_a-mktime.o)
                0x18027ce4                mktime
 .text          0x18027f98        0x0 c:/program files (x86)/kpit/gnuarm-nonev16.01-eabi/arm-none-eabi/arm-none-eabi/bin/../lib/gcc/arm-none-eabi/5.2-GNUARM-NONE_v16.01/../../../../arm-none-eabi/lib/armv7-ar/thumb/fpu\libc.a(lib_a-month_lengths.o)
 .text          0x18027f98      0x528 c:/program files (x86)/kpit/gnuarm-nonev16.01-eabi/arm-none-eabi/arm-none-eabi/bin/../lib/gcc/arm-none-eabi/5.2-GNUARM-NONE_v16.01/../../../../arm-none-eabi/lib/armv7-ar/thumb/fpu\libc.a(lib_a-syscalls.o)
                0x1802802c                initialise_monitor_handles
                0x180280a0                _swiread
                0x180280c4                _read
                0x18028108                _swilseek
                0x18028188                _lseek
                0x1802819a                _swiwrite
                0x180281be                _write
                0x18028208                _swiopen
                0x1802828c                _open
                0x180282a6                _swiclose
                0x180282d8                _close
                0x180282ea                _kill
                0x1802830c                _exit
                0x18028314                _getpid
                0x18028318                _sbrk
                0x18028354                _fstat
                0x18028372                _stat
                0x180283a6                _link
                0x180283ac                _unlink
                0x180283da                _raise
                0x180283dc                _gettimeofday
                0x18028400                _times
                0x1802841e                _isatty
                0x18028444                _system
                0x18028484                _rename
 .text          0x180284c0      0x154 c:/program files (x86)/kpit/gnuarm-nonev16.01-eabi/arm-none-eabi/arm-none-eabi/bin/../lib/gcc/arm-none-eabi/5.2-GNUARM-NONE_v16.01/../../../../arm-none-eabi/lib/armv7-ar/thumb/fpu\libc.a(lib_a-tzcalc_limits.o)
                0x180284c0                __tzcalc_limits
 .text          0x18028614        0x4 c:/program files (x86)/kpit/gnuarm-nonev16.01-eabi/arm-none-eabi/arm-none-eabi/bin/../lib/gcc/arm-none-eabi/5.2-GNUARM-NONE_v16.01/../../../../arm-none-eabi/lib/armv7-ar/thumb/fpu\libc.a(lib_a-tzlock.o)
                0x18028614                __tz_lock
                0x18028616                __tz_unlock
 .text          0x18028618       0x28 c:/program files (x86)/kpit/gnuarm-nonev16.01-eabi/arm-none-eabi/arm-none-eabi/bin/../lib/gcc/arm-none-eabi/5.2-GNUARM-NONE_v16.01/../../../../arm-none-eabi/lib/armv7-ar/thumb/fpu\libc.a(lib_a-tzset.o)
                0x18028618                _tzset_unlocked
                0x18028624                tzset
 .text          0x18028640      0x320 c:/program files (x86)/kpit/gnuarm-nonev16.01-eabi/arm-none-eabi/arm-none-eabi/bin/../lib/gcc/arm-none-eabi/5.2-GNUARM-NONE_v16.01/../../../../arm-none-eabi/lib/armv7-ar/thumb/fpu\libc.a(lib_a-tzset_r.o)
                0x18028640                _tzset_unlocked_r
                0x18028948                _tzset_r
 .text          0x18028960        0x0 c:/program files (x86)/kpit/gnuarm-nonev16.01-eabi/arm-none-eabi/arm-none-eabi/bin/../lib/gcc/arm-none-eabi/5.2-GNUARM-NONE_v16.01/../../../../arm-none-eabi/lib/armv7-ar/thumb/fpu\libc.a(lib_a-tzvars.o)
 .text          0x18028960      0xf14 c:/program files (x86)/kpit/gnuarm-nonev16.01-eabi/arm-none-eabi/arm-none-eabi/bin/../lib/gcc/arm-none-eabi/5.2-GNUARM-NONE_v16.01/../../../../arm-none-eabi/lib/armv7-ar/thumb/fpu\libc.a(lib_a-vfprintf.o)
                0x18028960                _vfprintf_r
                0x180297f4                vfprintf
 .text          0x18029874       0xac c:/program files (x86)/kpit/gnuarm-nonev16.01-eabi/arm-none-eabi/arm-none-eabi/bin/../lib/gcc/arm-none-eabi/5.2-GNUARM-NONE_v16.01/../../../../arm-none-eabi/lib/armv7-ar/thumb/fpu\libc.a(lib_a-wsetup.o)
                0x18029874                __swsetup_r
 .text          0x18029920       0xc0 c:/program files (x86)/kpit/gnuarm-nonev16.01-eabi/arm-none-eabi/arm-none-eabi/bin/../lib/gcc/arm-none-eabi/5.2-GNUARM-NONE_v16.01/../../../../arm-none-eabi/lib/armv7-ar/thumb/fpu\libc.a(lib_a-__call_atexit.o)
                0x18029920                __call_exitprocs
 .text          0x180299e0       0x3a c:/program files (x86)/kpit/gnuarm-nonev16.01-eabi/arm-none-eabi/arm-none-eabi/bin/../lib/gcc/arm-none-eabi/5.2-GNUARM-NONE_v16.01/../../../../arm-none-eabi/lib/armv7-ar/thumb/fpu\libc.a(lib_a-div.o)
                0x180299e0                div
 *fill*         0x18029a1a        0x6 
 .text          0x18029a20      0xb74 c:/program files (x86)/kpit/gnuarm-nonev16.01-eabi/arm-none-eabi/arm-none-eabi/bin/../lib/gcc/arm-none-eabi/5.2-GNUARM-NONE_v16.01/../../../../arm-none-eabi/lib/armv7-ar/thumb/fpu\libc.a(lib_a-dtoa.o)
                0x18029b40                _dtoa_r
 .text          0x1802a594        0xc c:/program files (x86)/kpit/gnuarm-nonev16.01-eabi/arm-none-eabi/arm-none-eabi/bin/../lib/gcc/arm-none-eabi/5.2-GNUARM-NONE_v16.01/../../../../arm-none-eabi/lib/armv7-ar/thumb/fpu\libc.a(lib_a-errno.o)
                0x1802a594                __errno
 .text          0x1802a5a0      0x164 c:/program files (x86)/kpit/gnuarm-nonev16.01-eabi/arm-none-eabi/arm-none-eabi/bin/../lib/gcc/arm-none-eabi/5.2-GNUARM-NONE_v16.01/../../../../arm-none-eabi/lib/armv7-ar/thumb/fpu\libc.a(lib_a-fflush.o)
                0x1802a5a0                __sflush_r
                0x1802a6bc                _fflush_r
                0x1802a6e0                fflush
 .text          0x1802a704      0x18c c:/program files (x86)/kpit/gnuarm-nonev16.01-eabi/arm-none-eabi/arm-none-eabi/bin/../lib/gcc/arm-none-eabi/5.2-GNUARM-NONE_v16.01/../../../../arm-none-eabi/lib/armv7-ar/thumb/fpu\libc.a(lib_a-findfp.o)
                0x1802a708                _cleanup_r
                0x1802a76c                __sfmoreglue
                0x1802a798                _cleanup
                0x1802a7a4                __sinit
                0x1802a7e8                __sfp
                0x1802a860                __sfp_lock_acquire
                0x1802a862                __sfp_lock_release
                0x1802a864                __sinit_lock_acquire
                0x1802a866                __sinit_lock_release
                0x1802a868                __fp_lock_all
                0x1802a87c                __fp_unlock_all
 .text          0x1802a890      0x218 c:/program files (x86)/kpit/gnuarm-nonev16.01-eabi/arm-none-eabi/arm-none-eabi/bin/../lib/gcc/arm-none-eabi/5.2-GNUARM-NONE_v16.01/../../../../arm-none-eabi/lib/armv7-ar/thumb/fpu\libc.a(lib_a-freer.o)
                0x1802a890                _malloc_trim_r
                0x1802a92c                _free_r
 .text          0x1802aaa8       0x74 c:/program files (x86)/kpit/gnuarm-nonev16.01-eabi/arm-none-eabi/arm-none-eabi/bin/../lib/gcc/arm-none-eabi/5.2-GNUARM-NONE_v16.01/../../../../arm-none-eabi/lib/armv7-ar/thumb/fpu\libc.a(lib_a-fwalk.o)
                0x1802aaa8                _fwalk
                0x1802aae0                _fwalk_reent
 .text          0x1802ab1c       0x88 c:/program files (x86)/kpit/gnuarm-nonev16.01-eabi/arm-none-eabi/arm-none-eabi/bin/../lib/gcc/arm-none-eabi/5.2-GNUARM-NONE_v16.01/../../../../arm-none-eabi/lib/armv7-ar/thumb/fpu\libc.a(lib_a-getenv_r.o)
                0x1802ab1c                _findenv_r
                0x1802ab94                _getenv_r
 .text          0x1802aba4        0x8 c:/program files (x86)/kpit/gnuarm-nonev16.01-eabi/arm-none-eabi/arm-none-eabi/bin/../lib/gcc/arm-none-eabi/5.2-GNUARM-NONE_v16.01/../../../../arm-none-eabi/lib/armv7-ar/thumb/fpu\libc.a(lib_a-gettzinfo.o)
                0x1802aba4                __gettzinfo
 .text          0x1802abac      0x170 c:/program files (x86)/kpit/gnuarm-nonev16.01-eabi/arm-none-eabi/arm-none-eabi/bin/../lib/gcc/arm-none-eabi/5.2-GNUARM-NONE_v16.01/../../../../arm-none-eabi/lib/armv7-ar/thumb/fpu\libc.a(lib_a-gmtime_r.o)
                0x1802abac                gmtime_r
 .text          0x1802ad1c       0x78 c:/program files (x86)/kpit/gnuarm-nonev16.01-eabi/arm-none-eabi/arm-none-eabi/bin/../lib/gcc/arm-none-eabi/5.2-GNUARM-NONE_v16.01/../../../../arm-none-eabi/lib/armv7-ar/thumb/fpu\libc.a(lib_a-locale.o)
                0x1802ad1c                _setlocale_r
                0x1802ad54                __locale_charset
                0x1802ad5c                __locale_mb_cur_max
                0x1802ad68                __locale_msgcharset
                0x1802ad70                __locale_cjk_lang
                0x1802ad74                _localeconv_r
                0x1802ad7c                setlocale
                0x1802ad8c                localeconv
 .text          0x1802ad94       0xc8 c:/program files (x86)/kpit/gnuarm-nonev16.01-eabi/arm-none-eabi/arm-none-eabi/bin/../lib/gcc/arm-none-eabi/5.2-GNUARM-NONE_v16.01/../../../../arm-none-eabi/lib/armv7-ar/thumb/fpu\libc.a(lib_a-makebuf.o)
                0x1802ad94                __smakebuf_r
 .text          0x1802ae5c       0x20 c:/program files (x86)/kpit/gnuarm-nonev16.01-eabi/arm-none-eabi/arm-none-eabi/bin/../lib/gcc/arm-none-eabi/5.2-GNUARM-NONE_v16.01/../../../../arm-none-eabi/lib/armv7-ar/thumb/fpu\libc.a(lib_a-malloc.o)
                0x1802ae5c                malloc
                0x1802ae6c                free
 .text          0x1802ae7c      0x450 c:/program files (x86)/kpit/gnuarm-nonev16.01-eabi/arm-none-eabi/arm-none-eabi/bin/../lib/gcc/arm-none-eabi/5.2-GNUARM-NONE_v16.01/../../../../arm-none-eabi/lib/armv7-ar/thumb/fpu\libc.a(lib_a-mallocr.o)
                0x1802ae7c                _malloc_r
 .text          0x1802b2cc       0x1c c:/program files (x86)/kpit/gnuarm-nonev16.01-eabi/arm-none-eabi/arm-none-eabi/bin/../lib/gcc/arm-none-eabi/5.2-GNUARM-NONE_v16.01/../../../../arm-none-eabi/lib/armv7-ar/thumb/fpu\libc.a(lib_a-memchr-stub.o)
                0x1802b2cc                memchr
 .text          0x1802b2e8        0x4 c:/program files (x86)/kpit/gnuarm-nonev16.01-eabi/arm-none-eabi/arm-none-eabi/bin/../lib/gcc/arm-none-eabi/5.2-GNUARM-NONE_v16.01/../../../../arm-none-eabi/lib/armv7-ar/thumb/fpu\libc.a(lib_a-mlock.o)
                0x1802b2e8                __malloc_lock
                0x1802b2ea                __malloc_unlock
 .text          0x1802b2ec      0x7ac c:/program files (x86)/kpit/gnuarm-nonev16.01-eabi/arm-none-eabi/arm-none-eabi/bin/../lib/gcc/arm-none-eabi/5.2-GNUARM-NONE_v16.01/../../../../arm-none-eabi/lib/armv7-ar/thumb/fpu\libc.a(lib_a-mprec.o)
                0x1802b2ec                _Balloc
                0x1802b338                _Bfree
                0x1802b34a                __multadd
                0x1802b3c4                __s2b
                0x1802b444                __hi0bits
                0x1802b484                __lo0bits
                0x1802b4de                __i2b
                0x1802b4f0                __multiply
                0x1802b612                __pow5mult
                0x1802b694                __lshift
                0x1802b736                __mcmp
                0x1802b76e                __mdiff
                0x1802b82e                __ulp
                0x1802b878                __b2d
                0x1802b914                __d2b
                0x1802b9b0                __ratio
                0x1802b9fa                _mprec_log10
                0x1802ba20                __copybits
                0x1802ba54                __any_on
 .text          0x1802ba98       0x20 c:/program files (x86)/kpit/gnuarm-nonev16.01-eabi/arm-none-eabi/arm-none-eabi/bin/../lib/gcc/arm-none-eabi/5.2-GNUARM-NONE_v16.01/../../../../arm-none-eabi/lib/armv7-ar/thumb/fpu\libc.a(lib_a-sbrkr.o)
                0x1802ba98                _sbrk_r
 .text          0x1802bab8       0x50 c:/program files (x86)/kpit/gnuarm-nonev16.01-eabi/arm-none-eabi/arm-none-eabi/bin/../lib/gcc/arm-none-eabi/5.2-GNUARM-NONE_v16.01/../../../../arm-none-eabi/lib/armv7-ar/thumb/fpu\libc.a(lib_a-s_fpclassify.o)
                0x1802bab8                __fpclassifyd
 .text          0x1802bb08       0xa8 c:/program files (x86)/kpit/gnuarm-nonev16.01-eabi/arm-none-eabi/arm-none-eabi/bin/../lib/gcc/arm-none-eabi/5.2-GNUARM-NONE_v16.01/../../../../arm-none-eabi/lib/armv7-ar/thumb/fpu\libc.a(lib_a-siscanf.o)
                0x1802bb08                siscanf
                0x1802bb5c                _siscanf_r
 .text          0x1802bbb0       0x8a c:/program files (x86)/kpit/gnuarm-nonev16.01-eabi/arm-none-eabi/arm-none-eabi/bin/../lib/gcc/arm-none-eabi/5.2-GNUARM-NONE_v16.01/../../../../arm-none-eabi/lib/armv7-ar/thumb/fpu\libc.a(lib_a-stdio.o)
                0x1802bbb0                __sread
                0x1802bbd2                __seofread
                0x1802bbd6                __swrite
                0x1802bc0e                __sseek
                0x1802bc32                __sclose
 .text          0x1802bc3a       0x14 c:/program files (x86)/kpit/gnuarm-nonev16.01-eabi/arm-none-eabi/arm-none-eabi/bin/../lib/gcc/arm-none-eabi/5.2-GNUARM-NONE_v16.01/../../../../arm-none-eabi/lib/armv7-ar/thumb/fpu\libc.a(lib_a-strcmp.o)
                0x1802bc3a                strcmp
 .text          0x1802bc4e       0x10 c:/program files (x86)/kpit/gnuarm-nonev16.01-eabi/arm-none-eabi/arm-none-eabi/bin/../lib/gcc/arm-none-eabi/5.2-GNUARM-NONE_v16.01/../../../../arm-none-eabi/lib/armv7-ar/thumb/fpu\libc.a(lib_a-strcpy.o)
                0x1802bc4e                strcpy
 .text          0x1802bc5e       0x10 c:/program files (x86)/kpit/gnuarm-nonev16.01-eabi/arm-none-eabi/arm-none-eabi/bin/../lib/gcc/arm-none-eabi/5.2-GNUARM-NONE_v16.01/../../../../arm-none-eabi/lib/armv7-ar/thumb/fpu\libc.a(lib_a-strlen.o)
                0x1802bc5e                strlen
 .text          0x1802bc6e       0x2a c:/program files (x86)/kpit/gnuarm-nonev16.01-eabi/arm-none-eabi/arm-none-eabi/bin/../lib/gcc/arm-none-eabi/5.2-GNUARM-NONE_v16.01/../../../../arm-none-eabi/lib/armv7-ar/thumb/fpu\libc.a(lib_a-strncmp.o)
                0x1802bc6e                strncmp
 .text          0x1802bc98      0x128 c:/program files (x86)/kpit/gnuarm-nonev16.01-eabi/arm-none-eabi/arm-none-eabi/bin/../lib/gcc/arm-none-eabi/5.2-GNUARM-NONE_v16.01/../../../../arm-none-eabi/lib/armv7-ar/thumb/fpu\libc.a(lib_a-strtoul.o)
                0x1802bc98                _strtoul_r
                0x1802bdac                strtoul
 .text          0x1802bdc0      0x840 c:/program files (x86)/kpit/gnuarm-nonev16.01-eabi/arm-none-eabi/arm-none-eabi/bin/../lib/gcc/arm-none-eabi/5.2-GNUARM-NONE_v16.01/../../../../arm-none-eabi/lib/armv7-ar/thumb/fpu\libc.a(lib_a-svfiscanf.o)
                0x1802bdc0                _sungetc_r
                0x1802be3c                __ssrefill_r
                0x1802be76                _sfread_r
                0x1802bee8                __ssvfiscanf_r
 .text          0x1802c600      0x150 c:/program files (x86)/kpit/gnuarm-nonev16.01-eabi/arm-none-eabi/arm-none-eabi/bin/../lib/gcc/arm-none-eabi/5.2-GNUARM-NONE_v16.01/../../../../arm-none-eabi/lib/armv7-ar/thumb/fpu\libc.a(lib_a-ungetc.o)
                0x1802c600                __submore
                0x1802c670                _ungetc_r
                0x1802c73e                ungetc
 .text          0x1802c750      0x838 c:/program files (x86)/kpit/gnuarm-nonev16.01-eabi/arm-none-eabi/arm-none-eabi/bin/../lib/gcc/arm-none-eabi/5.2-GNUARM-NONE_v16.01/../../../../arm-none-eabi/lib/armv7-ar/thumb/fpu\libc.a(lib_a-vfiprintf.o)
                0x1802c750                __sprint_r
                0x1802c7b4                _vfiprintf_r
                0x1802cf0a                vfiprintf
 .text          0x1802cf88       0x24 c:/program files (x86)/kpit/gnuarm-nonev16.01-eabi/arm-none-eabi/arm-none-eabi/bin/../lib/gcc/arm-none-eabi/5.2-GNUARM-NONE_v16.01/../../../../arm-none-eabi/lib/armv7-ar/thumb/fpu\libc.a(lib_a-writer.o)
                0x1802cf88                _write_r
 .text          0x1802cfac       0x5c c:/program files (x86)/kpit/gnuarm-nonev16.01-eabi/arm-none-eabi/arm-none-eabi/bin/../lib/gcc/arm-none-eabi/5.2-GNUARM-NONE_v16.01/../../../../arm-none-eabi/lib/armv7-ar/thumb/fpu\libc.a(lib_a-callocr.o)
                0x1802cfac                _calloc_r
 .text          0x1802d008       0x20 c:/program files (x86)/kpit/gnuarm-nonev16.01-eabi/arm-none-eabi/arm-none-eabi/bin/../lib/gcc/arm-none-eabi/5.2-GNUARM-NONE_v16.01/../../../../arm-none-eabi/lib/armv7-ar/thumb/fpu\libc.a(lib_a-closer.o)
                0x1802d008                _close_r
 .text          0x1802d028        0x0 c:/program files (x86)/kpit/gnuarm-nonev16.01-eabi/arm-none-eabi/arm-none-eabi/bin/../lib/gcc/arm-none-eabi/5.2-GNUARM-NONE_v16.01/../../../../arm-none-eabi/lib/armv7-ar/thumb/fpu\libc.a(lib_a-ctype_.o)
 .text          0x1802d028        0x0 c:/program files (x86)/kpit/gnuarm-nonev16.01-eabi/arm-none-eabi/arm-none-eabi/bin/../lib/gcc/arm-none-eabi/5.2-GNUARM-NONE_v16.01/../../../../arm-none-eabi/lib/armv7-ar/thumb/fpu\libc.a(lib_a-environ.o)
 .text          0x1802d028        0x4 c:/program files (x86)/kpit/gnuarm-nonev16.01-eabi/arm-none-eabi/arm-none-eabi/bin/../lib/gcc/arm-none-eabi/5.2-GNUARM-NONE_v16.01/../../../../arm-none-eabi/lib/armv7-ar/thumb/fpu\libc.a(lib_a-envlock.o)
                0x1802d028                __env_lock
                0x1802d02a                __env_unlock
 .text          0x1802d02c       0x8c c:/program files (x86)/kpit/gnuarm-nonev16.01-eabi/arm-none-eabi/arm-none-eabi/bin/../lib/gcc/arm-none-eabi/5.2-GNUARM-NONE_v16.01/../../../../arm-none-eabi/lib/armv7-ar/thumb/fpu\libc.a(lib_a-fclose.o)
                0x1802d02c                _fclose_r
                0x1802d0a8                fclose
 .text          0x1802d0b8       0xe4 c:/program files (x86)/kpit/gnuarm-nonev16.01-eabi/arm-none-eabi/arm-none-eabi/bin/../lib/gcc/arm-none-eabi/5.2-GNUARM-NONE_v16.01/../../../../arm-none-eabi/lib/armv7-ar/thumb/fpu\libc.a(lib_a-fputwc.o)
                0x1802d0b8                __fputwc
                0x1802d154                _fputwc_r
                0x1802d172                fputwc
 .text          0x1802d19c       0x24 c:/program files (x86)/kpit/gnuarm-nonev16.01-eabi/arm-none-eabi/arm-none-eabi/bin/../lib/gcc/arm-none-eabi/5.2-GNUARM-NONE_v16.01/../../../../arm-none-eabi/lib/armv7-ar/thumb/fpu\libc.a(lib_a-fstatr.o)
                0x1802d19c                _fstat_r
 .text          0x1802d1c0      0x298 c:/program files (x86)/kpit/gnuarm-nonev16.01-eabi/arm-none-eabi/arm-none-eabi/bin/../lib/gcc/arm-none-eabi/5.2-GNUARM-NONE_v16.01/../../../../arm-none-eabi/lib/armv7-ar/thumb/fpu\libc.a(lib_a-fvwrite.o)
                0x1802d1c0                __sfvwrite_r
 .text          0x1802d458       0x20 c:/program files (x86)/kpit/gnuarm-nonev16.01-eabi/arm-none-eabi/arm-none-eabi/bin/../lib/gcc/arm-none-eabi/5.2-GNUARM-NONE_v16.01/../../../../arm-none-eabi/lib/armv7-ar/thumb/fpu\libc.a(lib_a-isattyr.o)
                0x1802d458                _isatty_r
 .text          0x1802d478       0x1c c:/program files (x86)/kpit/gnuarm-nonev16.01-eabi/arm-none-eabi/arm-none-eabi/bin/../lib/gcc/arm-none-eabi/5.2-GNUARM-NONE_v16.01/../../../../arm-none-eabi/lib/armv7-ar/thumb/fpu\libc.a(lib_a-iswspace.o)
                0x1802d478                iswspace
 .text          0x1802d494       0x24 c:/program files (x86)/kpit/gnuarm-nonev16.01-eabi/arm-none-eabi/arm-none-eabi/bin/../lib/gcc/arm-none-eabi/5.2-GNUARM-NONE_v16.01/../../../../arm-none-eabi/lib/armv7-ar/thumb/fpu\libc.a(lib_a-lseekr.o)
                0x1802d494                _lseek_r
 .text          0x1802d4b8       0x6c c:/program files (x86)/kpit/gnuarm-nonev16.01-eabi/arm-none-eabi/arm-none-eabi/bin/../lib/gcc/arm-none-eabi/5.2-GNUARM-NONE_v16.01/../../../../arm-none-eabi/lib/armv7-ar/thumb/fpu\libc.a(lib_a-mbrtowc.o)
                0x1802d4b8                _mbrtowc_r
                0x1802d508                mbrtowc
 .text          0x1802d524       0x54 c:/program files (x86)/kpit/gnuarm-nonev16.01-eabi/arm-none-eabi/arm-none-eabi/bin/../lib/gcc/arm-none-eabi/5.2-GNUARM-NONE_v16.01/../../../../arm-none-eabi/lib/armv7-ar/thumb/fpu\libc.a(lib_a-mbtowc_r.o)
                0x1802d524                __ascii_mbtowc
                0x1802d548                _mbtowc_r
 .text          0x1802d578       0x24 c:/program files (x86)/kpit/gnuarm-nonev16.01-eabi/arm-none-eabi/arm-none-eabi/bin/../lib/gcc/arm-none-eabi/5.2-GNUARM-NONE_v16.01/../../../../arm-none-eabi/lib/armv7-ar/thumb/fpu\libc.a(lib_a-readr.o)
                0x1802d578                _read_r
 .text          0x1802d59c      0x35c c:/program files (x86)/kpit/gnuarm-nonev16.01-eabi/arm-none-eabi/arm-none-eabi/bin/../lib/gcc/arm-none-eabi/5.2-GNUARM-NONE_v16.01/../../../../arm-none-eabi/lib/armv7-ar/thumb/fpu\libc.a(lib_a-reallocr.o)
                0x1802d59c                _realloc_r
 .text          0x1802d8f8       0xa0 c:/program files (x86)/kpit/gnuarm-nonev16.01-eabi/arm-none-eabi/arm-none-eabi/bin/../lib/gcc/arm-none-eabi/5.2-GNUARM-NONE_v16.01/../../../../arm-none-eabi/lib/armv7-ar/thumb/fpu\libc.a(lib_a-reent.o)
                0x1802d8f8                cleanup_glue
                0x1802d912                _reclaim_reent
 .text          0x1802d998       0x60 c:/program files (x86)/kpit/gnuarm-nonev16.01-eabi/arm-none-eabi/arm-none-eabi/bin/../lib/gcc/arm-none-eabi/5.2-GNUARM-NONE_v16.01/../../../../arm-none-eabi/lib/armv7-ar/thumb/fpu\libc.a(lib_a-sccl.o)
                0x1802d998                __sccl
 .text          0x1802d9f8      0x144 c:/program files (x86)/kpit/gnuarm-nonev16.01-eabi/arm-none-eabi/arm-none-eabi/bin/../lib/gcc/arm-none-eabi/5.2-GNUARM-NONE_v16.01/../../../../arm-none-eabi/lib/armv7-ar/thumb/fpu\libc.a(lib_a-strtol.o)
                0x1802d9f8                _strtol_r
                0x1802db28                strtol
 .text          0x1802db3c       0xa4 c:/program files (x86)/kpit/gnuarm-nonev16.01-eabi/arm-none-eabi/arm-none-eabi/bin/../lib/gcc/arm-none-eabi/5.2-GNUARM-NONE_v16.01/../../../../arm-none-eabi/lib/armv7-ar/thumb/fpu\libc.a(lib_a-wbuf.o)
                0x1802db3c                __swbuf_r
                0x1802dbce                __swbuf
 .text          0x1802dbe0       0x5c c:/program files (x86)/kpit/gnuarm-nonev16.01-eabi/arm-none-eabi/arm-none-eabi/bin/../lib/gcc/arm-none-eabi/5.2-GNUARM-NONE_v16.01/../../../../arm-none-eabi/lib/armv7-ar/thumb/fpu\libc.a(lib_a-wcrtomb.o)
                0x1802dbe0                _wcrtomb_r
                0x1802dc28                wcrtomb
 .text          0x1802dc3c       0x48 c:/program files (x86)/kpit/gnuarm-nonev16.01-eabi/arm-none-eabi/arm-none-eabi/bin/../lib/gcc/arm-none-eabi/5.2-GNUARM-NONE_v16.01/../../../../arm-none-eabi/lib/armv7-ar/thumb/fpu\libc.a(lib_a-wctomb_r.o)
                0x1802dc3c                __ascii_wctomb
                0x1802dc56                _wctomb_r
 *fill*         0x1802dc84        0x4 
 .text          0x1802dc88      0x278 c:/program files (x86)/kpit/gnuarm-nonev16.01-eabi/arm-none-eabi/arm-none-eabi/bin/../lib/gcc/arm-none-eabi/5.2-GNUARM-NONE_v16.01/armv7-ar/thumb/fpu\libgcc.a(_udivsi3.o)
                0x1802dc88                __aeabi_uidiv
                0x1802dc88                __udivsi3
                0x1802dee4                __aeabi_uidivmod
 .text          0x1802df00      0x2b0 c:/program files (x86)/kpit/gnuarm-nonev16.01-eabi/arm-none-eabi/arm-none-eabi/bin/../lib/gcc/arm-none-eabi/5.2-GNUARM-NONE_v16.01/armv7-ar/thumb/fpu\libgcc.a(_divsi3.o)
                0x1802df00                __divsi3
                0x1802df00                __aeabi_idiv
                0x1802e194                __aeabi_idivmod
 .text          0x1802e1b0        0x4 c:/program files (x86)/kpit/gnuarm-nonev16.01-eabi/arm-none-eabi/arm-none-eabi/bin/../lib/gcc/arm-none-eabi/5.2-GNUARM-NONE_v16.01/armv7-ar/thumb/fpu\libgcc.a(_dvmd_tls.o)
                0x1802e1b0                __aeabi_idiv0
                0x1802e1b0                __aeabi_ldiv0
 .text          0x1802e1b4      0x370 c:/program files (x86)/kpit/gnuarm-nonev16.01-eabi/arm-none-eabi/arm-none-eabi/bin/../lib/gcc/arm-none-eabi/5.2-GNUARM-NONE_v16.01/armv7-ar/thumb/fpu\libgcc.a(_arm_addsubdf3.o)
                0x1802e1b4                __aeabi_drsub
                0x1802e1bc                __aeabi_dsub
                0x1802e1bc                __subdf3
                0x1802e1c0                __aeabi_dadd
                0x1802e1c0                __adddf3
                0x1802e438                __floatunsidf
                0x1802e438                __aeabi_ui2d
                0x1802e458                __floatsidf
                0x1802e458                __aeabi_i2d
                0x1802e47c                __aeabi_f2d
                0x1802e47c                __extendsfdf2
                0x1802e4b8                __floatundidf
                0x1802e4b8                __aeabi_ul2d
                0x1802e4c8                __floatdidf
                0x1802e4c8                __aeabi_l2d
 .text          0x1802e524       0x30 c:/program files (x86)/kpit/gnuarm-nonev16.01-eabi/arm-none-eabi/arm-none-eabi/bin/../lib/gcc/arm-none-eabi/5.2-GNUARM-NONE_v16.01/armv7-ar/thumb/fpu\libgcc.a(_aeabi_uldivmod.o)
                0x1802e524                __aeabi_uldivmod
 *fill*         0x1802e554        0x4 
 .text          0x1802e558       0x48 c:/program files (x86)/kpit/gnuarm-nonev16.01-eabi/arm-none-eabi/arm-none-eabi/bin/../lib/gcc/arm-none-eabi/5.2-GNUARM-NONE_v16.01/armv7-ar/thumb/fpu\libgcc.a(_fixunsdfdi.o)
                0x1802e558                __fixunsdfdi
                0x1802e558                __aeabi_d2ulz
 .text          0x1802e5a0      0x114 c:/program files (x86)/kpit/gnuarm-nonev16.01-eabi/arm-none-eabi/arm-none-eabi/bin/../lib/gcc/arm-none-eabi/5.2-GNUARM-NONE_v16.01/armv7-ar/thumb/fpu\libgcc.a(_udivmoddi4.o)
                0x1802e5a0                __udivmoddi4
 *(.init)
 *(.fini)
 *crtbegin.o(.ctors)
 *crtbegin?.o(.ctors)
 *(EXCLUDE_FILE(*crtend.o *crtend?.o) .ctors)
 *(SORT(.ctors.*))
 *(.ctors)
 *crtbegin.o(.dtors)
 *crtbegin?.o(.dtors)
 *(EXCLUDE_FILE(*crtend.o *crtend?.o) .dtors)
 *(SORT(.dtors.*))
 *(.dtors)
                0x1802e6b4                Image$$RO_DATA$$Base = .
 *(.rodata*)
 .rodata        0x1802e6b4       0x25 sample1n.o
 *fill*         0x1802e6d9        0x3 
 .rodata.str1.4
                0x1802e6dc       0x28 sample1n.o
 .rodata        0x1802e704        0xc sample1.o
 .rodata.str1.4
                0x1802e710      0x7de sample1.o
                                0x836 (size before relaxing)
 *fill*         0x1802eeee        0x2 
 .rodata        0x1802eef0       0x31 log_output.o
 *fill*         0x1802ef21        0x3 
 .rodata.str1.4
                0x1802ef24       0x36 log_output.o
 *fill*         0x1802ef5a        0x2 
 .rodata.str1.4
                0x1802ef5c       0x2d t_perror.o
 *fill*         0x1802ef89        0x3 
 .rodata        0x1802ef8c      0x108 strerror.o
 .rodata.str1.4
                0x1802f094       0xd9 strerror.o
 *fill*         0x1802f16d        0x3 
 .rodata        0x1802f170        0x4 tTask_tecsgen.o
                0x1802f170                tTask_INIB_tab
 .rodata        0x1802f174        0x8 tSemaphore_tecsgen.o
                0x1802f174                tSemaphore_INIB_tab
 .rodata        0x1802f17c        0x8 tInterruptRequest_tecsgen.o
                0x1802f17c                tInterruptRequest_INIB_tab
 .rodata        0x1802f184       0x10 tISR_tecsgen.o
                0x1802f184                tISR_INIB_tab
 .rodata        0x1802f194       0x30 tSerialPortMain_tecsgen.o
                0x1802f194                tSerialPortMain_INIB_tab
                0x1802f1a4                SerialPort1_SerialPortMain_eSerialPort_des
                0x1802f1ac                tSerialPortMain_eSerialPort_MT_
 .rodata        0x1802f1c4        0xc tSerialAdapter_tecsgen.o
                0x1802f1c4                tSerialAdapter_SINGLE_CELL_INIB
                0x1802f1cc                SerialAdapter_cSerialPort
 .rodata        0x1802f1d0       0x10 tSysLog_tecsgen.o
                0x1802f1d0                tSysLog_SINGLE_CELL_INIB
 .rodata        0x1802f1e0        0x8 tLogTaskMain_tecsgen.o
                0x1802f1e0                tLogTaskMain_SINGLE_CELL_INIB
 .rodata        0x1802f1e8        0x8 tBannerMain_tecsgen.o
                0x1802f1e8                tBannerMain_SINGLE_CELL_INIB
 .rodata.str1.4
                0x1802f1f0        0x9 tBannerMain_tecsgen.o
                                  0xd (size before relaxing)
 *fill*         0x1802f1f9        0x3 
 .rodata        0x1802f1fc       0x20 tSCIF_tecsgen.o
                0x1802f1fc                tSCIF_INIB_tab
                0x1802f204                SIOPortTarget1_SCIF_eiTxISR_des
                0x1802f20c                SIOPortTarget1_SCIF_eiRxISR_des
                0x1802f214                tSCIF_eiTxISR_MT_
                0x1802f218                tSCIF_eiRxISR_MT_
 .rodata.str1.4
                0x1802f21c       0x39 tLogTaskMain.o
 *fill*         0x1802f255        0x3 
 .rodata        0x1802f258      0x15b tBannerMain.o
 *fill*         0x1802f3b3        0x1 
 .rodata.str1.4
                0x1802f3b4       0x2b tSCIF.o
 *fill*         0x1802f3df        0x1 
 .rodata.str1.4
                0x1802f3e0       0x31 assert.o
 *fill*         0x1802f411        0x3 
 .rodata.str1.4
                0x1802f414       0x66 pinmap_common.o
 *fill*         0x1802f47a        0x2 
 .rodata        0x1802f47c       0x1c us_ticker_api.o
 .rodata        0x1802f498        0x8 gic.o
                0x1802f498                GICInterface_BASE
                0x1802f49c                GICDistributor_BASE
 .rodata        0x1802f4a0       0x8c analogin_api.o
 .rodata.str1.4
                0x1802f52c       0x58 analogin_api.o
 .rodata        0x1802f584      0x400 can_api.o
 .rodata.str1.4
                0x1802f984       0x4f can_api.o
 *fill*         0x1802f9d3        0x1 
 .rodata        0x1802f9d4      0x2e4 gpio_irq_api.o
 .rodata        0x1802fcb8       0x6c i2c_api.o
 .rodata.str1.4
                0x1802fd24       0x50 i2c_api.o
 .rodata        0x1802fd74      0x420 pinmap.o
 .rodata        0x18030194      0x358 pwmout_api.o
 .rodata.str1.4
                0x180304ec       0x53 pwmout_api.o
 *fill*         0x1803053f        0x1 
 .rodata        0x18030540      0x260 serial_api.o
 .rodata.str1.4
                0x180307a0      0x120 serial_api.o
 .rodata        0x180308c0      0x104 spi_api.o
 .rodata.str1.4
                0x180309c4       0xb7 spi_api.o
 *fill*         0x18030a7b        0x1 
 .rodata.str1.4
                0x18030a7c       0xe7 net_buf.o
 *fill*         0x18030b63        0x1 
 .rodata        0x18030b64       0x11 net_subr.o
 *fill*         0x18030b75        0x3 
 .rodata        0x18030b78       0xb1 net_timer.o
 *fill*         0x18030c29        0x3 
 .rodata.str1.4
                0x18030c2c       0x38 net_timer.o
 .rodata.str1.4
                0x18030c64      0x1b0 in_subr.o
 .rodata        0x18030e14        0x8 tinet_cfg.o
                0x18030e14                _tinet_tmax_tcp_cepid
                0x18030e18                _tinet_tmax_tcp_repid
 .rodata.str1.4
                0x18030e1c       0x1e ip_input.o
 *fill*         0x18030e3a        0x2 
 .rodata        0x18030e3c       0x10 ip_icmp.o
 .rodata.str1.4
                0x18030e4c       0x4d ip_icmp.o
 *fill*         0x18030e99        0x3 
 .rodata        0x18030e9c        0x6 ethernet.o
                0x18030e9c                _tinet_ether_broad_cast_addr
 *fill*         0x18030ea2        0x2 
 .rodata.str1.4
                0x18030ea4       0x47 ethernet.o
 *fill*         0x18030eeb        0x1 
 .rodata.str1.4
                0x18030eec       0x3a if_ether.o
 *fill*         0x18030f26        0x2 
 .rodata.str1.4
                0x18030f28       0x65 tcp_input.o
 *fill*         0x18030f8d        0x3 
 .rodata        0x18030f90        0xb tcp_output.o
 *fill*         0x18030f9b        0x1 
 .rodata.str1.4
                0x18030f9c       0x19 tcp_output.o
                                 0x39 (size before relaxing)
 *fill*         0x18030fb5        0x3 
 .rodata        0x18030fb8        0xd tcp_timer.o
 *fill*         0x18030fc5        0x3 
 .rodata.str1.4
                0x18030fc8       0x3f tcp_subr.o
                                 0x5f (size before relaxing)
 *fill*         0x18031007        0x1 
 .rodata.str1.4
                0x18031008       0x1f tcp_subr_ncs.o
                                 0x3d (size before relaxing)
 *fill*         0x18031027        0x1 
 .rodata        0x18031028      0x628 kernel_cfg.o
                0x18031028                _kernel_exc_table
                0x18031040                _kernel_intcfg_table
                0x1803128c                _kernel_kmm
                0x18031290                _kernel_kmmsz
                0x18031294                _kernel_istkpt
                0x18031298                _kernel_istk
                0x1803129c                _kernel_istksz
                0x180312a0                _kernel_intinib_table
                0x180312dc                _kernel_tnum_cfg_intno
                0x180312e0                _kernel_isrorder_table
                0x180312ec                _kernel_isrinib_table
                0x18031328                _kernel_tmax_sisrid
                0x1803132c                _kernel_tmax_isrid
                0x18031330                _kernel_isr_queue_list
                0x18031348                _kernel_tnum_isr_queue
                0x1803134c                _kernel_tmax_salmid
                0x18031350                _kernel_tmax_almid
                0x18031354                _kernel_cycinib_table
                0x1803137c                _kernel_tmax_scycid
                0x18031380                _kernel_tmax_cycid
                0x18031384                _kernel_mpfinib_table
                0x18031410                _kernel_tmax_smpfid
                0x18031414                _kernel_tmax_mpfid
                0x18031418                _kernel_tmax_smtxid
                0x1803141c                _kernel_tmax_mtxid
                0x18031420                _kernel_tmax_spdqid
                0x18031424                _kernel_tmax_pdqid
                0x18031428                _kernel_dtqinib_table
                0x18031434                _kernel_tmax_sdtqid
                0x18031438                _kernel_tmax_dtqid
                0x1803143c                _kernel_flginib_table
                0x18031454                _kernel_tmax_sflgid
                0x18031458                _kernel_tmax_flgid
                0x1803145c                _kernel_seminib_table
                0x18031528                _kernel_tmax_ssemid
                0x1803152c                _kernel_tmax_semid
                0x18031530                _kernel_torder_table
                0x18031558                _kernel_tinib_table
                0x18031648                _kernel_tmax_stskid
                0x1803164c                _kernel_tmax_tskid
 .rodata.str1.4
                0x18031650       0x6b .\libkernel.a(chip_kernel_impl.o)
 *fill*         0x180316bb        0x1 
 .rodata        0x180316bc       0x3c .\libkernel.a(core_kernel_impl.o)
 .rodata.str1.4
                0x180316f8      0x229 .\libkernel.a(core_kernel_impl.o)
 *fill*         0x18031921        0x3 
 .rodata.str1.4
                0x18031924       0x4b .\libkernel.a(task.o)
 *fill*         0x1803196f        0x1 
 .rodata.str1.4
                0x18031970       0x36 .\libkernel.a(time_event.o)
 *fill*         0x180319a6        0x2 
 .rodata.str1.4
                0x180319a8       0x1b .\libkernel.a(task_manage.o)
                                 0x4b (size before relaxing)
 *fill*         0x180319c3        0x1 
 .rodata.str1.4
                0x180319c4       0x30 .\libkernel.a(task_sync.o)
 .rodata.str1.4
                0x180319f4       0x2f .\libkernel.a(semaphore.o)
 .rodata.str1.4
                0x180319f4       0x2f .\libkernel.a(eventflag.o)
 .rodata.str1.4
                0x180319f4       0x4b .\libkernel.a(dataqueue.o)
 .rodata.str1.4
                0x180319f4       0x4b .\libkernel.a(mempfix.o)
 .rodata.str1.4
                0x180319f4       0x2f .\libkernel.a(cyclic.o)
 .rodata.str1.4
                0x180319f4       0x2f .\libkernel.a(alarm.o)
 .rodata.str1.4
                0x180319f4       0x2f .\libkernel.a(interrupt.o)
 .rodata        0x180319f4        0x4 .\libkernel.a(target_kernel_impl.o)
                0x180319f4                _kernel_arm_tnum_memory_area
 .rodata.str1.4
                0x180319f8       0x2c .\libkernel.a(wait.o)
                                 0x8b (size before relaxing)
 .rodata        0x18031a24        0x4 c:/program files (x86)/kpit/gnuarm-nonev16.01-eabi/arm-none-eabi/arm-none-eabi/bin/../lib/gcc/arm-none-eabi/5.2-GNUARM-NONE_v16.01/../../../../arm-none-eabi/lib/armv7-ar/thumb/fpu\libc.a(lib_a-impure.o)
                0x18031a24                _global_impure_ptr
 .rodata.str1.1
                0x18031a28        0x2 c:/program files (x86)/kpit/gnuarm-nonev16.01-eabi/arm-none-eabi/arm-none-eabi/bin/../lib/gcc/arm-none-eabi/5.2-GNUARM-NONE_v16.01/../../../../arm-none-eabi/lib/armv7-ar/thumb/fpu\libc.a(lib_a-impure.o)
 *fill*         0x18031a2a        0x2 
 .rodata        0x18031a2c       0x60 c:/program files (x86)/kpit/gnuarm-nonev16.01-eabi/arm-none-eabi/arm-none-eabi/bin/../lib/gcc/arm-none-eabi/5.2-GNUARM-NONE_v16.01/../../../../arm-none-eabi/lib/armv7-ar/thumb/fpu\libc.a(lib_a-mktime.o)
 .rodata        0x18031a8c       0x60 c:/program files (x86)/kpit/gnuarm-nonev16.01-eabi/arm-none-eabi/arm-none-eabi/bin/../lib/gcc/arm-none-eabi/5.2-GNUARM-NONE_v16.01/../../../../arm-none-eabi/lib/armv7-ar/thumb/fpu\libc.a(lib_a-month_lengths.o)
                0x18031a8c                __month_lengths
 .rodata.str1.1
                0x18031aec        0x4 c:/program files (x86)/kpit/gnuarm-nonev16.01-eabi/arm-none-eabi/arm-none-eabi/bin/../lib/gcc/arm-none-eabi/5.2-GNUARM-NONE_v16.01/../../../../arm-none-eabi/lib/armv7-ar/thumb/fpu\libc.a(lib_a-syscalls.o)
 .rodata.str1.1
                0x18031af0       0x3c c:/program files (x86)/kpit/gnuarm-nonev16.01-eabi/arm-none-eabi/arm-none-eabi/bin/../lib/gcc/arm-none-eabi/5.2-GNUARM-NONE_v16.01/../../../../arm-none-eabi/lib/armv7-ar/thumb/fpu\libc.a(lib_a-tzset_r.o)
                                 0x4e (size before relaxing)
 .rodata.str1.1
                0x18031b2c        0x4 c:/program files (x86)/kpit/gnuarm-nonev16.01-eabi/arm-none-eabi/arm-none-eabi/bin/../lib/gcc/arm-none-eabi/5.2-GNUARM-NONE_v16.01/../../../../arm-none-eabi/lib/armv7-ar/thumb/fpu\libc.a(lib_a-tzvars.o)
 .rodata        0x18031b2c       0x20 c:/program files (x86)/kpit/gnuarm-nonev16.01-eabi/arm-none-eabi/arm-none-eabi/bin/../lib/gcc/arm-none-eabi/5.2-GNUARM-NONE_v16.01/../../../../arm-none-eabi/lib/armv7-ar/thumb/fpu\libc.a(lib_a-vfprintf.o)
 .rodata.str1.1
                0x18031b4c       0x34 c:/program files (x86)/kpit/gnuarm-nonev16.01-eabi/arm-none-eabi/arm-none-eabi/bin/../lib/gcc/arm-none-eabi/5.2-GNUARM-NONE_v16.01/../../../../arm-none-eabi/lib/armv7-ar/thumb/fpu\libc.a(lib_a-vfprintf.o)
 .rodata.str1.1
                0x18031b80        0xd c:/program files (x86)/kpit/gnuarm-nonev16.01-eabi/arm-none-eabi/arm-none-eabi/bin/../lib/gcc/arm-none-eabi/5.2-GNUARM-NONE_v16.01/../../../../arm-none-eabi/lib/armv7-ar/thumb/fpu\libc.a(lib_a-dtoa.o)
                                  0xf (size before relaxing)
 .rodata.str1.1
                0x18031b8d        0x8 c:/program files (x86)/kpit/gnuarm-nonev16.01-eabi/arm-none-eabi/arm-none-eabi/bin/../lib/gcc/arm-none-eabi/5.2-GNUARM-NONE_v16.01/../../../../arm-none-eabi/lib/armv7-ar/thumb/fpu\libc.a(lib_a-locale.o)
                                  0xb (size before relaxing)
 *fill*         0x18031b95        0x3 
 .rodata        0x18031b98      0x128 c:/program files (x86)/kpit/gnuarm-nonev16.01-eabi/arm-none-eabi/arm-none-eabi/bin/../lib/gcc/arm-none-eabi/5.2-GNUARM-NONE_v16.01/../../../../arm-none-eabi/lib/armv7-ar/thumb/fpu\libc.a(lib_a-mprec.o)
                0x18031ba8                __mprec_tens
                0x18031c70                __mprec_tinytens
                0x18031c98                __mprec_bigtens
 .rodata        0x18031cc0       0x22 c:/program files (x86)/kpit/gnuarm-nonev16.01-eabi/arm-none-eabi/arm-none-eabi/bin/../lib/gcc/arm-none-eabi/5.2-GNUARM-NONE_v16.01/../../../../arm-none-eabi/lib/armv7-ar/thumb/fpu\libc.a(lib_a-svfiscanf.o)
 .rodata        0x18031ce2       0x20 c:/program files (x86)/kpit/gnuarm-nonev16.01-eabi/arm-none-eabi/arm-none-eabi/bin/../lib/gcc/arm-none-eabi/5.2-GNUARM-NONE_v16.01/../../../../arm-none-eabi/lib/armv7-ar/thumb/fpu\libc.a(lib_a-vfiprintf.o)
 .rodata.str1.1
                0x18031d02       0x22 c:/program files (x86)/kpit/gnuarm-nonev16.01-eabi/arm-none-eabi/arm-none-eabi/bin/../lib/gcc/arm-none-eabi/5.2-GNUARM-NONE_v16.01/../../../../arm-none-eabi/lib/armv7-ar/thumb/fpu\libc.a(lib_a-vfiprintf.o)
 .rodata        0x18031d02      0x101 c:/program files (x86)/kpit/gnuarm-nonev16.01-eabi/arm-none-eabi/arm-none-eabi/bin/../lib/gcc/arm-none-eabi/5.2-GNUARM-NONE_v16.01/../../../../arm-none-eabi/lib/armv7-ar/thumb/fpu\libc.a(lib_a-ctype_.o)
                0x18031d02                _ctype_
 .rodata.str1.1
                0x18031e03        0x1 c:/program files (x86)/kpit/gnuarm-nonev16.01-eabi/arm-none-eabi/arm-none-eabi/bin/../lib/gcc/arm-none-eabi/5.2-GNUARM-NONE_v16.01/../../../../arm-none-eabi/lib/armv7-ar/thumb/fpu\libc.a(lib_a-mbrtowc.o)
                0x18031e04                Image$$RO_DATA$$Limit = .
 *(.eh_frame*)

.glue_7         0x18031e04        0x0
 .glue_7        0x18031e04        0x0 linker stubs

.glue_7t        0x18031e04        0x0
 .glue_7t       0x18031e04        0x0 linker stubs

.vfp11_veneer   0x18031e04        0x0
 .vfp11_veneer  0x18031e04        0x0 linker stubs

.v4_bx          0x18031e04        0x0
 .v4_bx         0x18031e04        0x0 linker stubs

.iplt           0x18031e04        0x0
 .iplt          0x18031e04        0x0 startup_RZ1AH.o

.ARM.extab      0x18031e03        0x0
 *(.ARM.extab* .gnu.linkonce.armextab.*)
 .ARM.extab     0x18031e03        0x0 c:/program files (x86)/kpit/gnuarm-nonev16.01-eabi/arm-none-eabi/arm-none-eabi/bin/../lib/gcc/arm-none-eabi/5.2-GNUARM-NONE_v16.01/armv7-ar/thumb/fpu\libgcc.a(_udivmoddi4.o)
                0x18031e03                __exidx_start = .

.vector         0x18031e20       0x3c
 .vector        0x18031e20       0x3c .\libkernel.a(core_support.o)
                0x18031e20                vector_table
                0x18031e40                vector_ref_table

.ARM.exidx      0x18031e5c        0x8
 *(.ARM.exidx* .gnu.linkonce.armexidx.*)
 .ARM.exidx     0x18031e5c        0x8 c:/program files (x86)/kpit/gnuarm-nonev16.01-eabi/arm-none-eabi/arm-none-eabi/bin/../lib/gcc/arm-none-eabi/5.2-GNUARM-NONE_v16.01/armv7-ar/thumb/fpu\libgcc.a(_udivmoddi4.o)
                0x18031e64                __exidx_end = .

.rel.dyn        0x18031e64        0x0
 .rel.iplt      0x18031e64        0x0 startup_RZ1AH.o

.copy.table     0x18031e64       0x18
                0x18031e64                . = ALIGN (0x4)
                0x18031e64                __copy_table_start__ = .
                0x18031e64        0x4 LONG 0x18031e8c __etext
                0x18031e68        0x4 LONG 0x20020000 __data_start__
                0x18031e6c        0x4 LONG 0x14ec (__data_end__ - __data_start__)
                0x18031e70        0x4 LONG 0x18033378 __etext2
                0x18031e74        0x4 LONG 0x20900000 __nc_data_start
                0x18031e78        0x4 LONG 0x0 (__nc_data_end - __nc_data_start)
                0x18031e7c                __copy_table_end__ = .

.zero.table     0x18031e7c       0x10
                0x18031e7c                . = ALIGN (0x4)
                0x18031e7c                __zero_table_start__ = .
                0x18031e7c        0x4 LONG 0x20021800 __bss_start__